Component: ARM Compiler 6.15 Tool: armlink [5dd79300]

==============================================================================

Section Cross References

    main.o(.text) refers (Special) to _scanf_int.o(.text) for _scanf_int
    main.o(.text.lcd_send_cmd) refers (Special) to _scanf_int.o(.text) for _scanf_int
    main.o(.text.lcd_send_cmd) refers to stm32f0xx_hal_i2c.o(.text.HAL_I2C_Master_Transmit) for HAL_I2C_Master_Transmit
    main.o(.text.lcd_send_cmd) refers to main.o(.bss.hi2c1) for hi2c1
    main.o(.ARM.exidx.text.lcd_send_cmd) refers (Special) to _scanf_int.o(.text) for _scanf_int
    main.o(.ARM.exidx.text.lcd_send_cmd) refers to main.o(.text.lcd_send_cmd) for [Anonymous Symbol]
    main.o(.text.lcd_send_data) refers (Special) to _scanf_int.o(.text) for _scanf_int
    main.o(.text.lcd_send_data) refers to stm32f0xx_hal_i2c.o(.text.HAL_I2C_Master_Transmit) for HAL_I2C_Master_Transmit
    main.o(.text.lcd_send_data) refers to main.o(.bss.hi2c1) for hi2c1
    main.o(.ARM.exidx.text.lcd_send_data) refers (Special) to _scanf_int.o(.text) for _scanf_int
    main.o(.ARM.exidx.text.lcd_send_data) refers to main.o(.text.lcd_send_data) for [Anonymous Symbol]
    main.o(.text.lcd_clear) refers (Special) to _scanf_int.o(.text) for _scanf_int
    main.o(.text.lcd_clear) refers to main.o(.text.lcd_send_cmd) for lcd_send_cmd
    main.o(.text.lcd_clear) refers to main.o(.text.lcd_send_data) for lcd_send_data
    main.o(.ARM.exidx.text.lcd_clear) refers (Special) to _scanf_int.o(.text) for _scanf_int
    main.o(.ARM.exidx.text.lcd_clear) refers to main.o(.text.lcd_clear) for [Anonymous Symbol]
    main.o(.text.lcd_put_cur) refers (Special) to _scanf_int.o(.text) for _scanf_int
    main.o(.text.lcd_put_cur) refers to main.o(.text.lcd_send_cmd) for lcd_send_cmd
    main.o(.ARM.exidx.text.lcd_put_cur) refers (Special) to _scanf_int.o(.text) for _scanf_int
    main.o(.ARM.exidx.text.lcd_put_cur) refers to main.o(.text.lcd_put_cur) for [Anonymous Symbol]
    main.o(.text.lcd_init) refers (Special) to _scanf_int.o(.text) for _scanf_int
    main.o(.text.lcd_init) refers to stm32f0xx_hal.o(.text.HAL_Delay) for HAL_Delay
    main.o(.text.lcd_init) refers to main.o(.text.lcd_send_cmd) for lcd_send_cmd
    main.o(.ARM.exidx.text.lcd_init) refers (Special) to _scanf_int.o(.text) for _scanf_int
    main.o(.ARM.exidx.text.lcd_init) refers to main.o(.text.lcd_init) for [Anonymous Symbol]
    main.o(.text.lcd_send_string) refers (Special) to _scanf_int.o(.text) for _scanf_int
    main.o(.text.lcd_send_string) refers to main.o(.text.lcd_send_data) for lcd_send_data
    main.o(.ARM.exidx.text.lcd_send_string) refers (Special) to _scanf_int.o(.text) for _scanf_int
    main.o(.ARM.exidx.text.lcd_send_string) refers to main.o(.text.lcd_send_string) for [Anonymous Symbol]
    main.o(.text.CreateCustomCharacter) refers (Special) to _scanf_int.o(.text) for _scanf_int
    main.o(.text.CreateCustomCharacter) refers to main.o(.text.lcd_send_cmd) for lcd_send_cmd
    main.o(.text.CreateCustomCharacter) refers to main.o(.text.lcd_send_data) for lcd_send_data
    main.o(.ARM.exidx.text.CreateCustomCharacter) refers (Special) to _scanf_int.o(.text) for _scanf_int
    main.o(.ARM.exidx.text.CreateCustomCharacter) refers to main.o(.text.CreateCustomCharacter) for [Anonymous Symbol]
    main.o(.text.main) refers (Special) to _scanf_int.o(.text) for _scanf_int
    main.o(.text.main) refers to stm32f0xx_hal.o(.text.HAL_Init) for HAL_Init
    main.o(.text.main) refers to main.o(.text.SystemClock_Config) for SystemClock_Config
    main.o(.text.main) refers to main.o(.text.MX_GPIO_Init) for MX_GPIO_Init
    main.o(.text.main) refers to main.o(.text.MX_USART2_UART_Init) for MX_USART2_UART_Init
    main.o(.text.main) refers to main.o(.text.MX_I2C1_Init) for MX_I2C1_Init
    main.o(.text.main) refers to main.o(.text.MX_TIM16_Init) for MX_TIM16_Init
    main.o(.text.main) refers to main.o(.text.MX_DAC_Init) for MX_DAC_Init
    main.o(.text.main) refers to stm32f0xx_hal.o(.text.HAL_Delay) for HAL_Delay
    main.o(.text.main) refers to main.o(.text.lcd_init) for lcd_init
    main.o(.text.main) refers to main.o(.text.CreateCustomCharacter) for CreateCustomCharacter
    main.o(.text.main) refers to main.o(.text.lcd_clear) for lcd_clear
    main.o(.text.main) refers to main.o(.text.screen0) for screen0
    main.o(.text.main) refers to main.o(.text.lcd_put_cur) for lcd_put_cur
    main.o(.text.main) refers to main.o(.text.lcd_send_data) for lcd_send_data
    main.o(.text.main) refers to stm32f0xx_hal_tim.o(.text.HAL_TIM_Base_Start_IT) for HAL_TIM_Base_Start_IT
    main.o(.text.main) refers to stm32f0xx_hal_dac_ex.o(.text.HAL_DAC_Start) for HAL_DAC_Start
    main.o(.text.main) refers to stm32f0xx_hal_uart.o(.text.HAL_UART_Receive_IT) for HAL_UART_Receive_IT
    main.o(.text.main) refers to printfa.o(i.__0sprintf) for __2sprintf
    main.o(.text.main) refers to main.o(.text.lcd_send_string) for lcd_send_string
[...]
    .text                                    0x0800082c   Section        0  dmul.o(.text)
    .text                                    0x080008fc   Section        0  ddiv.o(.text)
    .text                                    0x080009ec   Section        0  dfixul.o(.text)
    .text                                    0x08000a2c   Section       40  cdrcmple.o(.text)
    .text                                    0x08000a54   Section       36  init.o(.text)
    .text                                    0x08000a78   Section        0  llshl.o(.text)
    .text                                    0x08000a98   Section        0  llsshr.o(.text)
    .text                                    0x08000abe   Section        0  isspace_c.o(.text)
    .text                                    0x08000acc   Section        0  _scanf.o(.text)
    .text                                    0x08000e04   Section        0  depilogue.o(.text)
    .text                                    0x08000ec4   Section        0  ctype_c.o(.text)
    Aansturen_DAC                            0x08000ee9   Thumb Code   148  main.o(.text.Aansturen_DAC)
    [Anonymous Symbol]                       0x08000ee8   Section        0  main.o(.text.Aansturen_DAC)
    __arm_cp.16_0                            0x08000f58   Number         4  main.o(.text.Aansturen_DAC)
    __arm_cp.16_1                            0x08000f5c   Number         4  main.o(.text.Aansturen_DAC)
    __arm_cp.16_2                            0x08000f60   Number         4  main.o(.text.Aansturen_DAC)
    __arm_cp.16_3                            0x08000f64   Number         4  main.o(.text.Aansturen_DAC)
    __arm_cp.16_4                            0x08000f68   Number         4  main.o(.text.Aansturen_DAC)
    __arm_cp.16_5                            0x08000f6c   Number         4  main.o(.text.Aansturen_DAC)
    __arm_cp.16_6                            0x08000f70   Number         4  main.o(.text.Aansturen_DAC)
    Berekenen_KWH_Waarden                    0x08000f7d   Thumb Code    76  main.o(.text.Berekenen_KWH_Waarden)
    [Anonymous Symbol]                       0x08000f7c   Section        0  main.o(.text.Berekenen_KWH_Waarden)
    __arm_cp.15_0                            0x08000fb0   Number         4  main.o(.text.Berekenen_KWH_Waarden)
    __arm_cp.15_1                            0x08000fb4   Number         4  main.o(.text.Berekenen_KWH_Waarden)
    __arm_cp.15_2                            0x08000fb8   Number         4  main.o(.text.Berekenen_KWH_Waarden)
    __arm_cp.15_3                            0x08000fbc   Number         4  main.o(.text.Berekenen_KWH_Waarden)
    [Anonymous Symbol]                       0x08000fc8   Section        0  main.o(.text.CreateCustomCharacter)
    [Anonymous Symbol]                       0x08000fe6   Section        0  stm32f0xx_it.o(.text.EXTI4_15_IRQHandler)
    [Anonymous Symbol]                       0x08001010   Section        0  main.o(.text.Error_Handler)
    [Anonymous Symbol]                       0x08001018   Section        0  stm32f0xx_hal_dac_ex.o(.text.HAL_DAC_ConfigChannel)
    __arm_cp.0_0                             0x0800104c   Number         4  stm32f0xx_hal_dac_ex.o(.text.HAL_DAC_ConfigChannel)
    [Anonymous Symbol]                       0x08001050   Section        0  stm32f0xx_hal_dac.o(.text.HAL_DAC_Init)
    [Anonymous Symbol]                       0x0800107c   Section        0  stm32f0xx_hal_msp.o(.text.HAL_DAC_MspInit)
    __arm_cp.1_0                             0x080010d4   Number         4  stm32f0xx_hal_msp.o(.text.HAL_DAC_MspInit)
    __arm_cp.1_1                             0x080010d8   Number         4  stm32f0xx_hal_msp.o(.text.HAL_DAC_MspInit)
    [Anonymous Symbol]                       0x080010dc   Section        0  stm32f0xx_hal_dac.o(.text.HAL_DAC_SetValue)
    [Anonymous Symbol]                       0x08001108   Section        0  stm32f0xx_hal_dac_ex.o(.text.HAL_DAC_Start)
    [Anonymous Symbol]                       0x08001156   Section        0  stm32f0xx_hal_dma.o(.text.HAL_DMA_Abort_IT)
    [Anonymous Symbol]                       0x0800119c   Section        0  stm32f0xx_hal.o(.text.HAL_Delay)
    __arm_cp.10_0                            0x080011bc   Number         4  stm32f0xx_hal.o(.text.HAL_Delay)
    [Anonymous Symbol]                       0x080011c0   Section        0  main.o(.text.HAL_GPIO_EXTI_Callback)
    __arm_cp.25_0                            0x0800123c   Number         4  main.o(.text.HAL_GPIO_EXTI_Callback)
    __arm_cp.25_1                            0x08001240   Number         4  main.o(.text.HAL_GPIO_EXTI_Callback)
    __arm_cp.25_2                            0x08001244   Number         4  main.o(.text.HAL_GPIO_EXTI_Callback)
    __arm_cp.25_3                            0x08001248   Number         4  main.o(.text.HAL_GPIO_EXTI_Callback)
    __arm_cp.25_4                            0x0800124c   Number         4  main.o(.text.HAL_GPIO_EXTI_Callback)
    __arm_cp.25_5                            0x08001250   Number         4  main.o(.text.HAL_GPIO_EXTI_Callback)
    __arm_cp.25_6                            0x08001254   Number         4  main.o(.text.HAL_GPIO_EXTI_Callback)
    __arm_cp.25_7                            0x08001258   Number         4  main.o(.text.HAL_GPIO_EXTI_Callback)
    __arm_cp.25_8                            0x0800125c   Number         4  main.o(.text.HAL_GPIO_EXTI_Callback)
    [Anonymous Symbol]                       0x08001260   Section        0  stm32f0xx_hal_gpio.o(.text.HAL_GPIO_EXTI_IRQHandler)
    __arm_cp.6_0                             0x08001274   Number         4  stm32f0xx_hal_gpio.o(.text.HAL_GPIO_EXTI_IRQHandler)
    [Anonymous Symbol]                       0x08001278   Section        0  stm32f0xx_hal_gpio.o(.text.HAL_GPIO_Init)
    __arm_cp.0_0                             0x080013e0   Number         4  stm32f0xx_hal_gpio.o(.text.HAL_GPIO_Init)
    __arm_cp.0_1                             0x080013e4   Number         4  stm32f0xx_hal_gpio.o(.text.HAL_GPIO_Init)
    __arm_cp.0_2                             0x080013e8   Number         4  stm32f0xx_hal_gpio.o(.text.HAL_GPIO_Init)
    __arm_cp.0_3                             0x080013ec   Number         4  stm32f0xx_hal_gpio.o(.text.HAL_GPIO_Init)
    __arm_cp.0_4                             0x080013f0   Number         4  stm32f0xx_hal_gpio.o(.text.HAL_GPIO_Init)
    [Anonymous Symbol]                       0x080013f4   Section        0  stm32f0xx_hal_gpio.o(.text.HAL_GPIO_ReadPin)
    [Anonymous Symbol]                       0x080013fe   Section        0  stm32f0xx_hal_gpio.o(.text.HAL_GPIO_TogglePin)
    [Anonymous Symbol]                       0x0800140a   Section        0  stm32f0xx_hal_gpio.o(.text.HAL_GPIO_WritePin)
    [Anonymous Symbol]                       0x0800141c   Section        0  stm32f0xx_hal.o(.text.HAL_GetTick)
    [Anonymous Symbol]                       0x08001424   Section        0  stm32f0xx_hal_i2c_ex.o(.text.HAL_I2CEx_ConfigAnalogFilter)
    [Anonymous Symbol]                       0x08001468   Section        0  stm32f0xx_hal_i2c_ex.o(.text.HAL_I2CEx_ConfigDigitalFilter)
    [Anonymous Symbol]                       0x080014ac   Section        0  stm32f0xx_hal_i2c.o(.text.HAL_I2C_Init)
    __arm_cp.0_0                             0x08001548   Number         4  stm32f0xx_hal_i2c.o(.text.HAL_I2C_Init)
    __arm_cp.0_1                             0x0800154c   Number         4  stm32f0xx_hal_i2c.o(.text.HAL_I2C_Init)
    [Anonymous Symbol]                       0x08001550   Section        0  stm32f0xx_hal_i2c.o(.text.HAL_I2C_Master_Transmit)
    __arm_cp.4_0                             0x0800167c   Number         4  stm32f0xx_hal_i2c.o(.text.HAL_I2C_Master_Transmit)
    __arm_cp.4_1                             0x08001680   Number         4  stm32f0xx_hal_i2c.o(.text.HAL_I2C_Master_Transmit)
    [Anonymous Symbol]                       0x08001684   Section        0  stm32f0xx_hal_msp.o(.text.HAL_I2C_MspInit)
    __arm_cp.3_0                             0x080016e0   Number         4  stm32f0xx_hal_msp.o(.text.HAL_I2C_MspInit)
    __arm_cp.3_1                             0x080016e4   Number         4  stm32f0xx_hal_msp.o(.text.HAL_I2C_MspInit)
    __arm_cp.3_2                             0x080016e8   Number         4  stm32f0xx_hal_msp.o(.text.HAL_I2C_MspInit)
    [Anonymous Symbol]                       0x080016ec   Section        0  stm32f0xx_hal.o(.text.HAL_IncTick)
    __arm_cp.5_1                             0x080016fc   Number         4  stm32f0xx_hal.o(.text.HAL_IncTick)
    [Anonymous Symbol]                       0x08001700   Section        0  stm32f0xx_hal.o(.text.HAL_Init)
    [Anonymous Symbol]                       0x0800171c   Section        0  stm32f0xx_hal.o(.text.HAL_InitTick)
    __arm_cp.1_0                             0x08001758   Number         4  stm32f0xx_hal.o(.text.HAL_InitTick)
    __arm_cp.1_2                             0x0800175c   Number         4  stm32f0xx_hal.o(.text.HAL_InitTick)
    [Anonymous Symbol]                       0x08001760   Section        0  stm32f0xx_hal_msp.o(.text.HAL_MspInit)
    __arm_cp.0_0                             0x0800179c   Number         4  stm32f0xx_hal_msp.o(.text.HAL_MspInit)
    [Anonymous Symbol]                       0x080017a0   Section        0  stm32f0xx_hal_cortex.o(.text.HAL_NVIC_EnableIRQ)
    [Anonymous Symbol]                       0x080017a8   Section        0  stm32f0xx_hal_cortex.o(.text.HAL_NVIC_SetPriority)
    [Anonymous Symbol]                       0x080017b0   Section        0  stm32f0xx_hal_rcc_ex.o(.text.HAL_RCCEx_PeriphCLKConfig)
    __arm_cp.0_0                             0x080018e4   Number         4  stm32f0xx_hal_rcc_ex.o(.text.HAL_RCCEx_PeriphCLKConfig)
    __arm_cp.0_1                             0x080018e8   Number         4  stm32f0xx_hal_rcc_ex.o(.text.HAL_RCCEx_PeriphCLKConfig)
    __arm_cp.0_2                             0x080018ec   Number         4  stm32f0xx_hal_rcc_ex.o(.text.HAL_RCCEx_PeriphCLKConfig)
    [Anonymous Symbol]                       0x080018f0   Section        0  stm32f0xx_hal_rcc.o(.text.HAL_RCC_ClockConfig)
    __arm_cp.2_0                             0x08001a04   Number         4  stm32f0xx_hal_rcc.o(.text.HAL_RCC_ClockConfig)
    __arm_cp.2_2                             0x08001a08   Number         4  stm32f0xx_hal_rcc.o(.text.HAL_RCC_ClockConfig)
    __arm_cp.2_3                             0x08001a0c   Number         4  stm32f0xx_hal_rcc.o(.text.HAL_RCC_ClockConfig)
    [Anonymous Symbol]                       0x08001a10   Section        0  stm32f0xx_hal_rcc.o(.text.HAL_RCC_GetHCLKFreq)
    __arm_cp.7_0                             0x08001a18   Number         4  stm32f0xx_hal_rcc.o(.text.HAL_RCC_GetHCLKFreq)
    [Anonymous Symbol]                       0x08001a1c   Section        0  stm32f0xx_hal_rcc.o(.text.HAL_RCC_GetPCLK1Freq)
    __arm_cp.8_1                             0x08001a34   Number         4  stm32f0xx_hal_rcc.o(.text.HAL_RCC_GetPCLK1Freq)
    [Anonymous Symbol]                       0x08001a38   Section        0  stm32f0xx_hal_rcc.o(.text.HAL_RCC_GetSysClockFreq)
    __arm_cp.3_0                             0x08001a84   Number         4  stm32f0xx_hal_rcc.o(.text.HAL_RCC_GetSysClockFreq)
    __arm_cp.3_1                             0x08001a88   Number         4  stm32f0xx_hal_rcc.o(.text.HAL_RCC_GetSysClockFreq)
    __arm_cp.3_2                             0x08001a8c   Number         4  stm32f0xx_hal_rcc.o(.text.HAL_RCC_GetSysClockFreq)
    [Anonymous Symbol]                       0x08001ab0   Section        0  stm32f0xx_hal_rcc.o(.text.HAL_RCC_OscConfig)
    __arm_cp.1_3                             0x08001ebc   Number         4  stm32f0xx_hal_rcc.o(.text.HAL_RCC_OscConfig)
    __arm_cp.1_1                             0x08001f08   Number         4  stm32f0xx_hal_rcc.o(.text.HAL_RCC_OscConfig)
    __arm_cp.1_2                             0x08001f0c   Number         4  stm32f0xx_hal_rcc.o(.text.HAL_RCC_OscConfig)
    [Anonymous Symbol]                       0x08001f10   Section        0  stm32f0xx_hal_cortex.o(.text.HAL_SYSTICK_Config)
    [Anonymous Symbol]                       0x08001f18   Section        0  stm32f0xx_hal_tim_ex.o(.text.HAL_TIMEx_BreakCallback)
    [Anonymous Symbol]                       0x08001f1a   Section        0  stm32f0xx_hal_tim_ex.o(.text.HAL_TIMEx_CommutCallback)
    [Anonymous Symbol]                       0x08001f1c   Section        0  stm32f0xx_hal_tim.o(.text.HAL_TIM_Base_Init)
    [Anonymous Symbol]                       0x08001f50   Section        0  stm32f0xx_hal_msp.o(.text.HAL_TIM_Base_MspInit)
    __arm_cp.5_0                             0x08001f8c   Number         4  stm32f0xx_hal_msp.o(.text.HAL_TIM_Base_MspInit)
    __arm_cp.5_1                             0x08001f90   Number         4  stm32f0xx_hal_msp.o(.text.HAL_TIM_Base_MspInit)
    [Anonymous Symbol]                       0x08001f94   Section        0  stm32f0xx_hal_tim.o(.text.HAL_TIM_Base_Start_IT)
    [Anonymous Symbol]                       0x08001fb2   Section        0  stm32f0xx_hal_tim.o(.text.HAL_TIM_IC_CaptureCallback)
    [Anonymous Symbol]                       0x08001fb4   Section        0  stm32f0xx_hal_tim.o(.text.HAL_TIM_IRQHandler)
    [Anonymous Symbol]                       0x080020fc   Section        0  stm32f0xx_hal_tim.o(.text.HAL_TIM_OC_DelayElapsedCallback)
    [Anonymous Symbol]                       0x080020fe   Section        0  stm32f0xx_hal_tim.o(.text.HAL_TIM_PWM_PulseFinishedCallback)
    [Anonymous Symbol]                       0x08002100   Section        0  stm32f0xx_hal_tim.o(.text.HAL_TIM_PeriodElapsedCallback)
    [Anonymous Symbol]                       0x08002102   Section        0  stm32f0xx_hal_tim.o(.text.HAL_TIM_TriggerCallback)
    [Anonymous Symbol]                       0x08002104   Section        0  stm32f0xx_hal_uart_ex.o(.text.HAL_UARTEx_WakeupCallback)
    [Anonymous Symbol]                       0x08002106   Section        0  stm32f0xx_hal_uart.o(.text.HAL_UART_ErrorCallback)
    [Anonymous Symbol]                       0x08002108   Section        0  stm32f0xx_hal_uart.o(.text.HAL_UART_IRQHandler)
    __arm_cp.44_0                            0x08002274   Number         4  stm32f0xx_hal_uart.o(.text.HAL_UART_IRQHandler)
    [Anonymous Symbol]                       0x08002278   Section        0  stm32f0xx_hal_uart.o(.text.HAL_UART_Init)
    [Anonymous Symbol]                       0x080022e4   Section        0  stm32f0xx_hal_msp.o(.text.HAL_UART_MspInit)
    __arm_cp.7_0                             0x08002354   Number         4  stm32f0xx_hal_msp.o(.text.HAL_UART_MspInit)
    __arm_cp.7_1                             0x08002358   Number         4  stm32f0xx_hal_msp.o(.text.HAL_UART_MspInit)
    [Anonymous Symbol]                       0x0800235c   Section        0  stm32f0xx_hal_uart.o(.text.HAL_UART_Receive_IT)
    __arm_cp.16_1                            0x08002414   Number         4  stm32f0xx_hal_uart.o(.text.HAL_UART_Receive_IT)
    __arm_cp.16_2                            0x08002418   Number         4  stm32f0xx_hal_uart.o(.text.HAL_UART_Receive_IT)
    [Anonymous Symbol]                       0x0800241c   Section        0  main.o(.text.HAL_UART_RxCpltCallback)
    __arm_cp.26_0                            0x08002490   Number         4  main.o(.text.HAL_UART_RxCpltCallback)
    __arm_cp.26_1                            0x08002494   Number         4  main.o(.text.HAL_UART_RxCpltCallback)
    __arm_cp.26_2                            0x08002498   Number         4  main.o(.text.HAL_UART_RxCpltCallback)
    __arm_cp.26_3                            0x0800249c   Number         4  main.o(.text.HAL_UART_RxCpltCallback)
    __arm_cp.26_4                            0x080024a0   Number         4  main.o(.text.HAL_UART_RxCpltCallback)
    __arm_cp.26_5                            0x080024a4   Number         4  main.o(.text.HAL_UART_RxCpltCallback)
    __arm_cp.26_6                            0x080024a8   Number         4  main.o(.text.HAL_UART_RxCpltCallback)
    [Anonymous Symbol]                       0x080024ac   Section        0  stm32f0xx_hal_uart.o(.text.HAL_UART_Transmit)
    __arm_cp.10_0                            0x080025a4   Number         4  stm32f0xx_hal_uart.o(.text.HAL_UART_Transmit)
    [Anonymous Symbol]                       0x080025a8   Section        0  stm32f0xx_hal_uart.o(.text.HAL_UART_TxCpltCallback)
    [Anonymous Symbol]                       0x080025aa   Section        0  stm32f0xx_it.o(.text.HardFault_Handler)
    I2C_Flush_TXDR                           0x080025ad   Thumb Code    28  stm32f0xx_hal_i2c.o(.text.I2C_Flush_TXDR)
    [Anonymous Symbol]                       0x080025ac   Section        0  stm32f0xx_hal_i2c.o(.text.I2C_Flush_TXDR)
    I2C_IsAcknowledgeFailed                  0x080025c9   Thumb Code   120  stm32f0xx_hal_i2c.o(.text.I2C_IsAcknowledgeFailed)
    [Anonymous Symbol]                       0x080025c8   Section        0  stm32f0xx_hal_i2c.o(.text.I2C_IsAcknowledgeFailed)
    __arm_cp.77_0                            0x0800263c   Number         4  stm32f0xx_hal_i2c.o(.text.I2C_IsAcknowledgeFailed)
    I2C_TransferConfig                       0x08002641   Thumb Code    44  stm32f0xx_hal_i2c.o(.text.I2C_TransferConfig)
    [Anonymous Symbol]                       0x08002640   Section        0  stm32f0xx_hal_i2c.o(.text.I2C_TransferConfig)
    __arm_cp.6_0                             0x08002664   Number         4  stm32f0xx_hal_i2c.o(.text.I2C_TransferConfig)
    __arm_cp.6_1                             0x08002668   Number         4  stm32f0xx_hal_i2c.o(.text.I2C_TransferConfig)
    I2C_WaitOnFlagUntilTimeout               0x0800266d   Thumb Code   110  stm32f0xx_hal_i2c.o(.text.I2C_WaitOnFlagUntilTimeout)
    [Anonymous Symbol]                       0x0800266c   Section        0  stm32f0xx_hal_i2c.o(.text.I2C_WaitOnFlagUntilTimeout)
    I2C_WaitOnSTOPFlagUntilTimeout           0x080026db   Thumb Code    80  stm32f0xx_hal_i2c.o(.text.I2C_WaitOnSTOPFlagUntilTimeout)
    [Anonymous Symbol]                       0x080026da   Section        0  stm32f0xx_hal_i2c.o(.text.I2C_WaitOnSTOPFlagUntilTimeout)
    I2C_WaitOnTXISFlagUntilTimeout           0x0800272b   Thumb Code   100  stm32f0xx_hal_i2c.o(.text.I2C_WaitOnTXISFlagUntilTimeout)
    [Anonymous Symbol]                       0x0800272a   Section        0  stm32f0xx_hal_i2c.o(.text.I2C_WaitOnTXISFlagUntilTimeout)
    MX_DAC_Init                              0x08002791   Thumb Code    60  main.o(.text.MX_DAC_Init)
    [Anonymous Symbol]                       0x08002790   Section        0  main.o(.text.MX_DAC_Init)
    __arm_cp.13_0                            0x080027c4   Number         4  main.o(.text.MX_DAC_Init)
    __arm_cp.13_1                            0x080027c8   Number         4  main.o(.text.MX_DAC_Init)
    MX_GPIO_Init                             0x080027cd   Thumb Code   212  main.o(.text.MX_GPIO_Init)
    [Anonymous Symbol]                       0x080027cc   Section        0  main.o(.text.MX_GPIO_Init)
    __arm_cp.9_0                             0x08002894   Number         4  main.o(.text.MX_GPIO_Init)
    __arm_cp.9_1                             0x08002898   Number         4  main.o(.text.MX_GPIO_Init)
    __arm_cp.9_2                             0x0800289c   Number         4  main.o(.text.MX_GPIO_Init)
    MX_I2C1_Init                             0x080028a1   Thumb Code    80  main.o(.text.MX_I2C1_Init)
    [Anonymous Symbol]                       0x080028a0   Section        0  main.o(.text.MX_I2C1_Init)
    __arm_cp.11_0                            0x080028e4   Number         4  main.o(.text.MX_I2C1_Init)
    __arm_cp.11_1                            0x080028e8   Number         4  main.o(.text.MX_I2C1_Init)
    __arm_cp.11_2                            0x080028ec   Number         4  main.o(.text.MX_I2C1_Init)
    MX_TIM16_Init                            0x080028f1   Thumb Code    48  main.o(.text.MX_TIM16_Init)
    [Anonymous Symbol]                       0x080028f0   Section        0  main.o(.text.MX_TIM16_Init)
    __arm_cp.12_1                            0x08002918   Number         4  main.o(.text.MX_TIM16_Init)
    __arm_cp.12_2                            0x0800291c   Number         4  main.o(.text.MX_TIM16_Init)
    MX_USART2_UART_Init                      0x08002921   Thumb Code    56  main.o(.text.MX_USART2_UART_Init)
    [Anonymous Symbol]                       0x08002920   Section        0  main.o(.text.MX_USART2_UART_Init)
    __arm_cp.10_0                            0x08002950   Number         4  main.o(.text.MX_USART2_UART_Init)
    __arm_cp.10_1                            0x08002954   Number         4  main.o(.text.MX_USART2_UART_Init)
    [Anonymous Symbol]                       0x08002958   Section        0  stm32f0xx_it.o(.text.NMI_Handler)
    [Anonymous Symbol]                       0x0800295a   Section        0  stm32f0xx_it.o(.text.PendSV_Handler)
    [Anonymous Symbol]                       0x0800295c   Section        0  stm32f0xx_it.o(.text.RCC_CRS_IRQHandler)
    [Anonymous Symbol]                       0x0800295e   Section        0  stm32f0xx_it.o(.text.SVC_Handler)
    SysTick_Config                           0x08002961   Thumb Code    40  stm32f0xx_hal_cortex.o(.text.SysTick_Config)
    [Anonymous Symbol]                       0x08002960   Section        0  stm32f0xx_hal_cortex.o(.text.SysTick_Config)
    __arm_cp.9_0                             0x08002984   Number         4  stm32f0xx_hal_cortex.o(.text.SysTick_Config)
    [Anonymous Symbol]                       0x08002988   Section        0  stm32f0xx_it.o(.text.SysTick_Handler)
    [Anonymous Symbol]                       0x08002990   Section        0  main.o(.text.SystemClock_Config)
    [Anonymous Symbol]                       0x08002a12   Section        0  system_stm32f0xx.o(.text.SystemInit)
    [Anonymous Symbol]                       0x08002a14   Section        0  stm32f0xx_it.o(.text.TIM16_IRQHandler)
    __arm_cp.7_0                             0x08002a20   Number         4  stm32f0xx_it.o(.text.TIM16_IRQHandler)
    [Anonymous Symbol]                       0x08002a24   Section        0  stm32f0xx_hal_tim.o(.text.TIM_Base_SetConfig)
    __arm_cp.2_0                             0x08002ac0   Number         4  stm32f0xx_hal_tim.o(.text.TIM_Base_SetConfig)
    __arm_cp.2_1                             0x08002ac4   Number         4  stm32f0xx_hal_tim.o(.text.TIM_Base_SetConfig)
    __arm_cp.2_2                             0x08002ac8   Number         4  stm32f0xx_hal_tim.o(.text.TIM_Base_SetConfig)
    __arm_cp.2_3                             0x08002acc   Number         4  stm32f0xx_hal_tim.o(.text.TIM_Base_SetConfig)
    __arm_cp.2_4                             0x08002ad0   Number         4  stm32f0xx_hal_tim.o(.text.TIM_Base_SetConfig)
    __arm_cp.2_5                             0x08002ad4   Number         4  stm32f0xx_hal_tim.o(.text.TIM_Base_SetConfig)
    __arm_cp.2_6                             0x08002ad8   Number         4  stm32f0xx_hal_tim.o(.text.TIM_Base_SetConfig)
    __arm_cp.2_7                             0x08002adc   Number         4  stm32f0xx_hal_tim.o(.text.TIM_Base_SetConfig)
    __arm_cp.2_8                             0x08002ae0   Number         4  stm32f0xx_hal_tim.o(.text.TIM_Base_SetConfig)
    [Anonymous Symbol]                       0x08002ae4   Section        0  stm32f0xx_hal_uart.o(.text.UART_AdvFeatureConfig)
    [Anonymous Symbol]                       0x08002bb8   Section        0  stm32f0xx_hal_uart.o(.text.UART_CheckIdleState)
    __arm_cp.4_0                             0x08002c1c   Number         4  stm32f0xx_hal_uart.o(.text.UART_CheckIdleState)
    UART_DMAAbortOnError                     0x08002c21   Thumb Code    22  stm32f0xx_hal_uart.o(.text.UART_DMAAbortOnError)
    [Anonymous Symbol]                       0x08002c20   Section        0  stm32f0xx_hal_uart.o(.text.UART_DMAAbortOnError)
    UART_EndRxTransfer                       0x08002c37   Thumb Code    30  stm32f0xx_hal_uart.o(.text.UART_EndRxTransfer)
    [Anonymous Symbol]                       0x08002c36   Section        0  stm32f0xx_hal_uart.o(.text.UART_EndRxTransfer)
    UART_EndTransmit_IT                      0x08002c55   Thumb Code    26  stm32f0xx_hal_uart.o(.text.UART_EndTransmit_IT)
    [Anonymous Symbol]                       0x08002c54   Section        0  stm32f0xx_hal_uart.o(.text.UART_EndTransmit_IT)
    UART_RxISR_16BIT                         0x08002c6f   Thumb Code    86  stm32f0xx_hal_uart.o(.text.UART_RxISR_16BIT)
    [Anonymous Symbol]                       0x08002c6e   Section        0  stm32f0xx_hal_uart.o(.text.UART_RxISR_16BIT)
    UART_RxISR_8BIT                          0x08002cc5   Thumb Code    90  stm32f0xx_hal_uart.o(.text.UART_RxISR_8BIT)
    [Anonymous Symbol]                       0x08002cc4   Section        0  stm32f0xx_hal_uart.o(.text.UART_RxISR_8BIT)
    [Anonymous Symbol]                       0x08002d20   Section        0  stm32f0xx_hal_uart.o(.text.UART_SetConfig)
    __arm_cp.2_0                             0x08002ea4   Number         4  stm32f0xx_hal_uart.o(.text.UART_SetConfig)
    __arm_cp.2_1                             0x08002ea8   Number         4  stm32f0xx_hal_uart.o(.text.UART_SetConfig)
    __arm_cp.2_2                             0x08002eac   Number         4  stm32f0xx_hal_uart.o(.text.UART_SetConfig)
    __arm_cp.2_3                             0x08002eb0   Number         4  stm32f0xx_hal_uart.o(.text.UART_SetConfig)
    __arm_cp.2_4                             0x08002eb4   Number         4  stm32f0xx_hal_uart.o(.text.UART_SetConfig)
    __arm_cp.2_5                             0x08002eb8   Number         4  stm32f0xx_hal_uart.o(.text.UART_SetConfig)
    __arm_cp.2_6                             0x08002ebc   Number         4  stm32f0xx_hal_uart.o(.text.UART_SetConfig)
    __arm_cp.2_7                             0x08002ec0   Number         4  stm32f0xx_hal_uart.o(.text.UART_SetConfig)
    __arm_cp.2_8                             0x08002ec4   Number         4  stm32f0xx_hal_uart.o(.text.UART_SetConfig)
    __arm_cp.2_9                             0x08002ec8   Number         4  stm32f0xx_hal_uart.o(.text.UART_SetConfig)
    __arm_cp.2_10                            0x08002ecc   Number         4  stm32f0xx_hal_uart.o(.text.UART_SetConfig)
    __arm_cp.2_11                            0x08002ed0   Number         4  stm32f0xx_hal_uart.o(.text.UART_SetConfig)
    __arm_cp.2_12                            0x08002ed4   Number         4  stm32f0xx_hal_uart.o(.text.UART_SetConfig)
    __arm_cp.2_14                            0x08002ee8   Number         4  stm32f0xx_hal_uart.o(.text.UART_SetConfig)
    __arm_cp.2_15                            0x08002eec   Number         4  stm32f0xx_hal_uart.o(.text.UART_SetConfig)
    __arm_cp.2_16                            0x08002ef0   Number         4  stm32f0xx_hal_uart.o(.text.UART_SetConfig)
    [Anonymous Symbol]                       0x08002ef4   Section        0  stm32f0xx_hal_uart.o(.text.UART_WaitOnFlagUntilTimeout)
    [Anonymous Symbol]                       0x08002fa4   Section        0  stm32f0xx_it.o(.text.USART2_IRQHandler)
    __NVIC_EnableIRQ                         0x08002fb1   Thumb Code    24  stm32f0xx_hal_cortex.o(.text.__NVIC_EnableIRQ)
    [Anonymous Symbol]                       0x08002fb0   Section        0  stm32f0xx_hal_cortex.o(.text.__NVIC_EnableIRQ)
    __arm_cp.3_0                             0x08002fc4   Number         4  stm32f0xx_hal_cortex.o(.text.__NVIC_EnableIRQ)
    __NVIC_SetPriority                       0x08002fc9   Thumb Code    64  stm32f0xx_hal_cortex.o(.text.__NVIC_SetPriority)
    [Anonymous Symbol]                       0x08002fc8   Section        0  stm32f0xx_hal_cortex.o(.text.__NVIC_SetPriority)
    __arm_cp.1_0                             0x08003000   Number         4  stm32f0xx_hal_cortex.o(.text.__NVIC_SetPriority)
    __arm_cp.1_1                             0x08003004   Number         4  stm32f0xx_hal_cortex.o(.text.__NVIC_SetPriority)
    [Anonymous Symbol]                       0x08003008   Section        0  main.o(.text.fputc)
    __arm_cp.23_0                            0x08003024   Number         4  main.o(.text.fputc)
    [Anonymous Symbol]                       0x08003028   Section        0  main.o(.text.lcd_clear)
    [Anonymous Symbol]                       0x0800303e   Section        0  main.o(.text.lcd_init)
    [Anonymous Symbol]                       0x080030ba   Section        0  main.o(.text.lcd_put_cur)
    [Anonymous Symbol]                       0x080030d8   Section        0  main.o(.text.lcd_send_cmd)
    [Anonymous Symbol]                       0x0800310c   Section        0  main.o(.text.lcd_send_data)
    __arm_cp.1_0                             0x08003140   Number         4  main.o(.text.lcd_send_data)
    [Anonymous Symbol]                       0x08003144   Section        0  main.o(.text.lcd_send_string)
    [Anonymous Symbol]                       0x08003160   Section        0  main.o(.text.main)
    __arm_cp.7_0                             0x08003510   Number         4  main.o(.text.main)
    __arm_cp.7_1                             0x08003514   Number         4  main.o(.text.main)
    __arm_cp.7_2                             0x08003518   Number         4  main.o(.text.main)
    __arm_cp.7_3                             0x0800351c   Number         4  main.o(.text.main)
    __arm_cp.7_4                             0x08003520   Number         4  main.o(.text.main)
    __arm_cp.7_5                             0x08003524   Number         4  main.o(.text.main)
    __arm_cp.7_6                             0x08003528   Number         4  main.o(.text.main)
    __arm_cp.7_7                             0x0800352c   Number         4  main.o(.text.main)
    __arm_cp.7_8                             0x08003530   Number         4  main.o(.text.main)
    __arm_cp.7_9                             0x08003534   Number         4  main.o(.text.main)
    __arm_cp.7_10                            0x08003538   Number         4  main.o(.text.main)
    __arm_cp.7_11                            0x0800353c   Number         4  main.o(.text.main)
    __arm_cp.7_12                            0x08003540   Number         4  main.o(.text.main)
    __arm_cp.7_13                            0x08003544   Number         4  main.o(.text.main)
    __arm_cp.7_15                            0x08003550   Number         4  main.o(.text.main)
    __arm_cp.7_16                            0x08003554   Number         4  main.o(.text.main)
    __arm_cp.7_20                            0x08003570   Number         4  main.o(.text.main)
    __arm_cp.7_21                            0x08003574   Number         4  main.o(.text.main)
    __arm_cp.7_22                            0x08003578   Number         4  main.o(.text.main)
    __arm_cp.7_23                            0x0800357c   Number         4  main.o(.text.main)
    __arm_cp.7_24                            0x08003580   Number         4  main.o(.text.main)
    __arm_cp.7_25                            0x08003584   Number         4  main.o(.text.main)
    __arm_cp.7_26                            0x08003588   Number         4  main.o(.text.main)
    __arm_cp.7_27                            0x0800358c   Number         4  main.o(.text.main)
    __arm_cp.7_30                            0x08003590   Number         4  main.o(.text.main)
    screen0                                  0x08003595   Thumb Code    68  main.o(.text.screen0)
    [Anonymous Symbol]                       0x08003594   Section        0  main.o(.text.screen0)
    screen1                                  0x080035d9   Thumb Code    96  main.o(.text.screen1)
    [Anonymous Symbol]                       0x080035d8   Section        0  main.o(.text.screen1)
    screen2                                  0x08003639   Thumb Code    56  main.o(.text.screen2)
    [Anonymous Symbol]                       0x08003638   Section        0  main.o(.text.screen2)
    __arm_cp.17_0                            0x08003660   Number         4  main.o(.text.screen2)
    screen3                                  0x08003671   Thumb Code    76  main.o(.text.screen3)
    [Anonymous Symbol]                       0x08003670   Section        0  main.o(.text.screen3)
    __arm_cp.19_0                            0x080036b0   Number         4  main.o(.text.screen3)
    __arm_cp.19_1                            0x080036b4   Number         4  main.o(.text.screen3)
    __arm_cp.19_2                            0x080036b8   Number         4  main.o(.text.screen3)
    screen4                                  0x080036bd   Thumb Code    80  main.o(.text.screen4)
    [Anonymous Symbol]                       0x080036bc   Section        0  main.o(.text.screen4)
    __arm_cp.20_0                            0x080036f4   Number         4  main.o(.text.screen4)
    screen5                                  0x0800370d   Thumb Code    32  main.o(.text.screen5)
    [Anonymous Symbol]                       0x0800370c   Section        0  main.o(.text.screen5)
    i.__0printf                              0x0800372c   Section        0  printfa.o(i.__0printf)
    i.__0sprintf                             0x0800374c   Section        0  printfa.o(i.__0sprintf)
    i.__ARM_clz                              0x08003774   Section        0  depilogue.o(i.__ARM_clz)
    i.__scatterload_copy                     0x080037a2   Section       14  handlers.o(i.__scatterload_copy)
    i.__scatterload_null                     0x080037b0   Section        2  handlers.o(i.__scatterload_null)
    i.__scatterload_zeroinit                 0x080037b2   Section       14  handlers.o(i.__scatterload_zeroinit)
    _fp_digits                               0x080037c1   Thumb Code   344  printfa.o(i._fp_digits)
    i._fp_digits                             0x080037c0   Section        0  printfa.o(i._fp_digits)
    _printf_core                             0x08003935   Thumb Code  1754  printfa.o(i._printf_core)
    i._printf_core                           0x08003934   Section        0  printfa.o(i._printf_core)
    _printf_post_padding                     0x08004021   Thumb Code    32  printfa.o(i._printf_post_padding)
    i._printf_post_padding                   0x08004020   Section        0  printfa.o(i._printf_post_padding)
    _printf_pre_padding                      0x08004041   Thumb Code    44  printfa.o(i._printf_pre_padding)
    i._printf_pre_padding                    0x08004040   Section        0  printfa.o(i._printf_pre_padding)
    _sputc                                   0x0800406d   Thumb Code    10  printfa.o(i._sputc)
    i._sputc                                 0x0800406c   Section        0  printfa.o(i._sputc)
    .constdata                               0x08004076   Section       64  ctype_c.o(.constdata)
    .L.str.5                                 0x080040ce   Data          10  main.o(.rodata.str1.1)
    [Anonymous Symbol]                       0x080040ce   Section        0  main.o(.rodata.str1.1)
    .L.str.14                                0x080040d8   Data          15  main.o(.rodata.str1.1)
    .L.str.7                                 0x080040e7   Data           3  main.o(.rodata.str1.1)
    .L.str.4                                 0x080040ea   Data           4  main.o(.rodata.str1.1)
    .L.str.6                                 0x080040ee   Data           5  main.o(.rodata.str1.1)
    .data                                    0x20000000   Section        4  stdout.o(.data)
    STACK                                    0x200001c8   Section     1024  startup_stm32f091xc.o(STACK)

    Global Symbols

    Symbol Name                              Value     Ov Type        Size  Object(Section)

    BuildAttributes$$THM_ISAv3M$S$PE$A:L22$X:L11$S22$IEEE1$IW$~IW$USESV6$~STKCKD$USESV7$~SHL$OTIME$ROPI$EBA8$MICROLIB$REQ8$PRES8$EABIv2 0x00000000   Number         0  anon$$obj.o ABSOLUTE
    _printf_a                                0x00000000   Number         0  printfstubs.o ABSOLUTE
    _printf_c                                0x00000000   Number         0  printfstubs.o ABSOLUTE
    _printf_charcount                        0x00000000   Number         0  printfstubs.o ABSOLUTE
    _printf_d                                0x00000000   Number         0  printfstubs.o ABSOLUTE
    _printf_e                                0x00000000   Number         0  printfstubs.o ABSOLUTE
    _printf_f                                0x00000000   Number         0  printfstubs.o ABSOLUTE
    _printf_flags                            0x00000000   Number         0  printfstubs.o ABSOLUTE
    _printf_fp_dec                           0x00000000   Number         0  printfstubs.o ABSOLUTE
    _printf_fp_hex                           0x00000000   Number         0  printfstubs.o ABSOLUTE
    _printf_g                                0x00000000   Number         0  printfstubs.o ABSOLUTE
    _printf_i                                0x00000000   Number         0  printfstubs.o ABSOLUTE
    _printf_int_dec                          0x00000000   Number         0  printfstubs.o ABSOLUTE
    _printf_l                                0x00000000   Number         0  printfstubs.o ABSOLUTE
    _printf_lc                               0x00000000   Number         0  printfstubs.o ABSOLUTE
    _printf_ll                               0x00000000   Number         0  printfstubs.o ABSOLUTE
    _printf_lld                              0x00000000   Number         0  printfstubs.o ABSOLUTE
    _printf_lli                              0x00000000   Number         0  printfstubs.o ABSOLUTE
    _printf_llo                              0x00000000   Number         0  printfstubs.o ABSOLUTE
    _printf_llu                              0x00000000   Number         0  printfstubs.o ABSOLUTE
    _printf_llx                              0x00000000   Number         0  printfstubs.o ABSOLUTE
    _printf_longlong_dec                     0x00000000   Number         0  printfstubs.o ABSOLUTE
    _printf_longlong_hex                     0x00000000   Number         0  printfstubs.o ABSOLUTE
    _printf_longlong_oct                     0x00000000   Number         0  printfstubs.o ABSOLUTE
    _printf_ls                               0x00000000   Number         0  printfstubs.o ABSOLUTE
    _printf_mbtowc                           0x00000000   Number         0  printfstubs.o ABSOLUTE
    _printf_n                                0x00000000   Number         0  printfstubs.o ABSOLUTE
    _printf_o                                0x00000000   Number         0  printfstubs.o ABSOLUTE
    _printf_p                                0x00000000   Number         0  printfstubs.o ABSOLUTE
    _printf_percent                          0x00000000   Number         0  printfstubs.o ABSOLUTE
    _printf_pre_padding                      0x00000000   Number         0  printfstubs.o ABSOLUTE
    _printf_return_value                     0x00000000   Number         0  printfstubs.o ABSOLUTE
    _printf_s                                0x00000000   Number         0  printfstubs.o ABSOLUTE
    _printf_sizespec                         0x00000000   Number         0  printfstubs.o ABSOLUTE
    _printf_str                              0x00000000   Number         0  printfstubs.o ABSOLUTE
    _printf_truncate_signed                  0x00000000   Number         0  printfstubs.o ABSOLUTE
    _printf_truncate_unsigned                0x00000000   Number         0  printfstubs.o ABSOLUTE
    _printf_u                                0x00000000   Number         0  printfstubs.o ABSOLUTE
    _printf_wc                               0x00000000   Number         0  printfstubs.o ABSOLUTE
    _printf_wctomb                           0x00000000   Number         0  printfstubs.o ABSOLUTE
    _printf_widthprec                        0x00000000   Number         0  printfstubs.o ABSOLUTE
    _printf_x                                0x00000000   Number         0  printfstubs.o ABSOLUTE
    __cpp_initialize__aeabi_                  - Undefined Weak Reference
    __cxa_finalize                            - Undefined Weak Reference
    __decompress                              - Undefined Weak Reference
    _clock_init                               - Undefined Weak Reference
    _microlib_exit                            - Undefined Weak Reference
    _scanf_longlong                           - Undefined Weak Reference
    _scanf_real                               - Undefined Weak Reference
    _scanf_string                             - Undefined Weak Reference
    __Vectors_Size                           0x000000bc   Number         0  startup_stm32f091xc.o ABSOLUTE
    __Vectors                                0x08000000   Data           4  startup_stm32f091xc.o(RESET)
    __Vectors_End                            0x080000bc   Data           0  startup_stm32f091xc.o(RESET)
    __main                                   0x080000bd   Thumb Code     0  entry.o(.ARM.Collect$$$$00000000)
    _main_stk                                0x080000bd   Thumb Code     0  entry2.o(.ARM.Collect$$$$00000001)
    _main_scatterload                        0x080000c1   Thumb Code     0  entry5.o(.ARM.Collect$$$$00000004)
    __main_after_scatterload                 0x080000c5   Thumb Code     0  entry5.o(.ARM.Collect$$$$00000004)
    _main_clock                              0x080000c5   Thumb Code     0  entry7b.o(.ARM.Collect$$$$00000008)
    _main_cpp_init                           0x080000c5   Thumb Code     0  entry8b.o(.ARM.Collect$$$$0000000A)
    _main_init                               0x080000c5   Thumb Code     0  entry9a.o(.ARM.Collect$$$$0000000B)
    __rt_final_cpp                           0x080000cd   Thumb Code     0  entry10a.o(.ARM.Collect$$$$0000000D)
    __rt_final_exit                          0x080000cd   Thumb Code     0  entry11a.o(.ARM.Collect$$$$0000000F)
    Reset_Handler                            0x080000d1   Thumb Code     8  startup_stm32f091xc.o(.text)
    ADC1_COMP_IRQHandler                     0x080000e3   Thumb Code     0  startup_stm32f091xc.o(.text)
    CEC_CAN_IRQHandler                       0x080000e3   Thumb Code     0  startup_stm32f091xc.o(.text)
    DMA1_Ch1_IRQHandler                      0x080000e3   Thumb Code     0  startup_stm32f091xc.o(.text)
    DMA1_Ch2_3_DMA2_Ch1_2_IRQHandler         0x080000e3   Thumb Code     0  startup_stm32f091xc.o(.text)
    DMA1_Ch4_7_DMA2_Ch3_5_IRQHandler         0x080000e3   Thumb Code     0  startup_stm32f091xc.o(.text)
    EXTI0_1_IRQHandler                       0x080000e3   Thumb Code     0  startup_stm32f091xc.o(.text)
    EXTI2_3_IRQHandler                       0x080000e3   Thumb Code     0  startup_stm32f091xc.o(.text)
    FLASH_IRQHandler                         0x080000e3   Thumb Code     0  startup_stm32f091xc.o(.text)
    I2C1_IRQHandler                          0x080000e3   Thumb Code     0  startup_stm32f091xc.o(.text)
    I2C2_IRQHandler                          0x080000e3   Thumb Code     0  startup_stm32f091xc.o(.text)
    PVD_VDDIO2_IRQHandler                    0x080000e3   Thumb Code     0  startup_stm32f091xc.o(.text)
    RTC_IRQHandler                           0x080000e3   Thumb Code     0  startup_stm32f091xc.o(.text)
    SPI1_IRQHandler                          0x080000e3   Thumb Code     0  startup_stm32f091xc.o(.text)
    SPI2_IRQHandler                          0x080000e3   Thumb Code     0  startup_stm32f091xc.o(.text)
    TIM14_IRQHandler                         0x080000e3   Thumb Code     0  startup_stm32f091xc.o(.text)
    TIM15_IRQHandler                         0x080000e3   Thumb Code     0  startup_stm32f091xc.o(.text)
    TIM17_IRQHandler                         0x080000e3   Thumb Code     0  startup_stm32f091xc.o(.text)
    TIM1_BRK_UP_TRG_COM_IRQHandler           0x080000e3   Thumb Code     0  startup_stm32f091xc.o(.text)
    TIM1_CC_IRQHandler                       0x080000e3   Thumb Code     0  startup_stm32f091xc.o(.text)
    TIM2_IRQHandler                          0x080000e3   Thumb Code     0  startup_stm32f091xc.o(.text)
    TIM3_IRQHandler                          0x080000e3   Thumb Code     0  startup_stm32f091xc.o(.text)
    TIM6_DAC_IRQHandler                      0x080000e3   Thumb Code     0  startup_stm32f091xc.o(.text)
    TIM7_IRQHandler                          0x080000e3   Thumb Code     0  startup_stm32f091xc.o(.text)
    TSC_IRQHandler                           0x080000e3   Thumb Code     0  startup_stm32f091xc.o(.text)
    USART1_IRQHandler                        0x080000e3   Thumb Code     0  startup_stm32f091xc.o(.text)
    USART3_8_IRQHandler                      0x080000e3   Thumb Code     0  startup_stm32f091xc.o(.text)
    WWDG_IRQHandler                          0x080000e3   Thumb Code     0  startup_stm32f091xc.o(.text)
    __aeabi_llsr                             0x080000ed   Thumb Code    34  llushr.o(.text)
    _ll_ushift_r                             0x080000ed   Thumb Code     0  llushr.o(.text)
    __aeabi_memset                           0x0800010f   Thumb Code    14  memseta.o(.text)
    __aeabi_memset4                          0x0800010f   Thumb Code     0  memseta.o(.text)
    __aeabi_memset8                          0x0800010f   Thumb Code     0  memseta.o(.text)
    __aeabi_memclr                           0x0800011d   Thumb Code     4  memseta.o(.text)
    __aeabi_memclr4                          0x0800011d   Thumb Code     0  memseta.o(.text)
    __aeabi_memclr8                          0x0800011d   Thumb Code     0  memseta.o(.text)
    _memset$wrapper                          0x08000121   Thumb Code    18  memseta.o(.text)
    __0sscanf                                0x08000135   Thumb Code    50  __0sscanf.o(.text)
    _scanf_int                               0x08000171   Thumb Code   330  _scanf_int.o(.text)
    __aeabi_fadd                             0x080002bb   Thumb Code   162  fadd.o(.text)
    __aeabi_fsub                             0x0800035d   Thumb Code     8  fadd.o(.text)
    __aeabi_frsub                            0x08000365   Thumb Code     8  fadd.o(.text)
    __aeabi_fmul                             0x0800036d   Thumb Code   122  fmul.o(.text)
    __aeabi_fdiv                             0x080003e7   Thumb Code   124  fdiv.o(.text)
    __aeabi_fcmplt                           0x08000463   Thumb Code    28  fcmplt.o(.text)
    __aeabi_fcmpgt                           0x0800047f   Thumb Code    28  fcmpgt.o(.text)
    __aeabi_i2f                              0x0800049b   Thumb Code    22  fflti.o(.text)
    __aeabi_ui2f                             0x080004b1   Thumb Code    14  ffltui.o(.text)
    __aeabi_f2iz                             0x080004bf   Thumb Code    50  ffixi.o(.text)
    __aeabi_f2d                              0x080004f1   Thumb Code    40  f2d.o(.text)
    __aeabi_uidiv                            0x08000519   Thumb Code     0  uidiv_div0.o(.text)
    __aeabi_uidivmod                         0x08000519   Thumb Code    62  uidiv_div0.o(.text)
    __aeabi_uldivmod                         0x08000557   Thumb Code    96  uldiv.o(.text)
    _chval                                   0x080005b7   Thumb Code    30  _chval.o(.text)
    __vfscanf_char                           0x080005e1   Thumb Code    24  scanf_char.o(.text)
    _sgetc                                   0x08000601   Thumb Code    32  _sgetc.o(.text)
    _sbackspace                              0x08000621   Thumb Code    36  _sgetc.o(.text)
    __I$use$fp                               0x08000645   Thumb Code     0  iusefp.o(.text)
    _float_round                             0x08000645   Thumb Code    16  fepilogue.o(.text)
    _float_epilogue                          0x08000655   Thumb Code   114  fepilogue.o(.text)
    __aeabi_dadd                             0x080006c9   Thumb Code   328  dadd.o(.text)
    __aeabi_dsub                             0x08000811   Thumb Code    12  dadd.o(.text)
    __aeabi_drsub                            0x0800081d   Thumb Code    12  dadd.o(.text)
    __aeabi_dmul                             0x0800082d   Thumb Code   202  dmul.o(.text)
    __aeabi_ddiv                             0x080008fd   Thumb Code   234  ddiv.o(.text)
    __aeabi_d2ulz                            0x080009ed   Thumb Code    54  dfixul.o(.text)
    __aeabi_cdrcmple                         0x08000a2d   Thumb Code    38  cdrcmple.o(.text)
    __scatterload                            0x08000a55   Thumb Code    28  init.o(.text)
    __scatterload_rt2                        0x08000a55   Thumb Code     0  init.o(.text)
    __aeabi_llsl                             0x08000a79   Thumb Code    32  llshl.o(.text)
    _ll_shift_l                              0x08000a79   Thumb Code     0  llshl.o(.text)
    __aeabi_lasr                             0x08000a99   Thumb Code    38  llsshr.o(.text)
    _ll_sshift_r                             0x08000a99   Thumb Code     0  llsshr.o(.text)
    isspace                                  0x08000abf   Thumb Code    14  isspace_c.o(.text)
    __vfscanf                                0x08000acd   Thumb Code   812  _scanf.o(.text)
    _double_round                            0x08000e05   Thumb Code    26  depilogue.o(.text)
    _double_epilogue                         0x08000e1f   Thumb Code   164  depilogue.o(.text)
    __ctype_lookup                           0x08000ec5   Thumb Code    32  ctype_c.o(.text)
    CreateCustomCharacter                    0x08000fc9   Thumb Code    30  main.o(.text.CreateCustomCharacter)
    EXTI4_15_IRQHandler                      0x08000fe7   Thumb Code    42  stm32f0xx_it.o(.text.EXTI4_15_IRQHandler)
    Error_Handler                            0x08001011   Thumb Code     8  main.o(.text.Error_Handler)
    HAL_DAC_ConfigChannel                    0x08001019   Thumb Code    56  stm32f0xx_hal_dac_ex.o(.text.HAL_DAC_ConfigChannel)
    HAL_DAC_Init                             0x08001051   Thumb Code    42  stm32f0xx_hal_dac.o(.text.HAL_DAC_Init)
    HAL_DAC_MspInit                          0x0800107d   Thumb Code    96  stm32f0xx_hal_msp.o(.text.HAL_DAC_MspInit)
    HAL_DAC_SetValue                         0x080010dd   Thumb Code    44  stm32f0xx_hal_dac.o(.text.HAL_DAC_SetValue)
    HAL_DAC_Start                            0x08001109   Thumb Code    78  stm32f0xx_hal_dac_ex.o(.text.HAL_DAC_Start)
    HAL_DMA_Abort_IT                         0x08001157   Thumb Code    70  stm32f0xx_hal_dma.o(.text.HAL_DMA_Abort_IT)
    HAL_Delay                                0x0800119d   Thumb Code    36  stm32f0xx_hal.o(.text.HAL_Delay)
    HAL_GPIO_EXTI_Callback                   0x080011c1   Thumb Code   160  main.o(.text.HAL_GPIO_EXTI_Callback)
    HAL_GPIO_EXTI_IRQHandler                 0x08001261   Thumb Code    24  stm32f0xx_hal_gpio.o(.text.HAL_GPIO_EXTI_IRQHandler)
    HAL_GPIO_Init                            0x08001279   Thumb Code   380  stm32f0xx_hal_gpio.o(.text.HAL_GPIO_Init)
    HAL_GPIO_ReadPin                         0x080013f5   Thumb Code    10  stm32f0xx_hal_gpio.o(.text.HAL_GPIO_ReadPin)
    HAL_GPIO_TogglePin                       0x080013ff   Thumb Code    12  stm32f0xx_hal_gpio.o(.text.HAL_GPIO_TogglePin)
    HAL_GPIO_WritePin                        0x0800140b   Thumb Code    16  stm32f0xx_hal_gpio.o(.text.HAL_GPIO_WritePin)
    HAL_GetTick                              0x0800141d   Thumb Code     8  stm32f0xx_hal.o(.text.HAL_GetTick)
    HAL_I2CEx_ConfigAnalogFilter             0x08001425   Thumb Code    68  stm32f0xx_hal_i2c_ex.o(.text.HAL_I2CEx_ConfigAnalogFilter)
    HAL_I2CEx_ConfigDigitalFilter            0x08001469   Thumb Code    68  stm32f0xx_hal_i2c_ex.o(.text.HAL_I2CEx_ConfigDigitalFilter)
    HAL_I2C_Init                             0x080014ad   Thumb Code   164  stm32f0xx_hal_i2c.o(.text.HAL_I2C_Init)
    HAL_I2C_Master_Transmit                  0x08001551   Thumb Code   308  stm32f0xx_hal_i2c.o(.text.HAL_I2C_Master_Transmit)
    HAL_I2C_MspInit                          0x08001685   Thumb Code   104  stm32f0xx_hal_msp.o(.text.HAL_I2C_MspInit)
    HAL_IncTick                              0x080016ed   Thumb Code    20  stm32f0xx_hal.o(.text.HAL_IncTick)
    HAL_Init                                 0x08001701   Thumb Code    28  stm32f0xx_hal.o(.text.HAL_Init)
    HAL_InitTick                             0x0800171d   Thumb Code    68  stm32f0xx_hal.o(.text.HAL_InitTick)
    HAL_MspInit                              0x08001761   Thumb Code    64  stm32f0xx_hal_msp.o(.text.HAL_MspInit)
    HAL_NVIC_EnableIRQ                       0x080017a1   Thumb Code     8  stm32f0xx_hal_cortex.o(.text.HAL_NVIC_EnableIRQ)
    HAL_NVIC_SetPriority                     0x080017a9   Thumb Code     8  stm32f0xx_hal_cortex.o(.text.HAL_NVIC_SetPriority)
    HAL_RCCEx_PeriphCLKConfig                0x080017b1   Thumb Code   320  stm32f0xx_hal_rcc_ex.o(.text.HAL_RCCEx_PeriphCLKConfig)
    HAL_RCC_ClockConfig                      0x080018f1   Thumb Code   288  stm32f0xx_hal_rcc.o(.text.HAL_RCC_ClockConfig)
    HAL_RCC_GetHCLKFreq                      0x08001a11   Thumb Code    12  stm32f0xx_hal_rcc.o(.text.HAL_RCC_GetHCLKFreq)
    HAL_RCC_GetPCLK1Freq                     0x08001a1d   Thumb Code    28  stm32f0xx_hal_rcc.o(.text.HAL_RCC_GetPCLK1Freq)
    HAL_RCC_GetSysClockFreq                  0x08001a39   Thumb Code   120  stm32f0xx_hal_rcc.o(.text.HAL_RCC_GetSysClockFreq)
    HAL_RCC_OscConfig                        0x08001ab1   Thumb Code  1120  stm32f0xx_hal_rcc.o(.text.HAL_RCC_OscConfig)
    HAL_SYSTICK_Config                       0x08001f11   Thumb Code     8  stm32f0xx_hal_cortex.o(.text.HAL_SYSTICK_Config)
    HAL_TIMEx_BreakCallback                  0x08001f19   Thumb Code     2  stm32f0xx_hal_tim_ex.o(.text.HAL_TIMEx_BreakCallback)
    HAL_TIMEx_CommutCallback                 0x08001f1b   Thumb Code     2  stm32f0xx_hal_tim_ex.o(.text.HAL_TIMEx_CommutCallback)
    HAL_TIM_Base_Init                        0x08001f1d   Thumb Code    52  stm32f0xx_hal_tim.o(.text.HAL_TIM_Base_Init)
    HAL_TIM_Base_MspInit                     0x08001f51   Thumb Code    68  stm32f0xx_hal_msp.o(.text.HAL_TIM_Base_MspInit)
    HAL_TIM_Base_Start_IT                    0x08001f95   Thumb Code    30  stm32f0xx_hal_tim.o(.text.HAL_TIM_Base_Start_IT)
    HAL_TIM_IC_CaptureCallback               0x08001fb3   Thumb Code     2  stm32f0xx_hal_tim.o(.text.HAL_TIM_IC_CaptureCallback)
    HAL_TIM_IRQHandler                       0x08001fb5   Thumb Code   328  stm32f0xx_hal_tim.o(.text.HAL_TIM_IRQHandler)
    HAL_TIM_OC_DelayElapsedCallback          0x080020fd   Thumb Code     2  stm32f0xx_hal_tim.o(.text.HAL_TIM_OC_DelayElapsedCallback)
    HAL_TIM_PWM_PulseFinishedCallback        0x080020ff   Thumb Code     2  stm32f0xx_hal_tim.o(.text.HAL_TIM_PWM_PulseFinishedCallback)
    HAL_TIM_PeriodElapsedCallback            0x08002101   Thumb Code     2  stm32f0xx_hal_tim.o(.text.HAL_TIM_PeriodElapsedCallback)
    HAL_TIM_TriggerCallback                  0x08002103   Thumb Code     2  stm32f0xx_hal_tim.o(.text.HAL_TIM_TriggerCallback)
    HAL_UARTEx_WakeupCallback                0x08002105   Thumb Code     2  stm32f0xx_hal_uart_ex.o(.text.HAL_UARTEx_WakeupCallback)
    HAL_UART_ErrorCallback                   0x08002107   Thumb Code     2  stm32f0xx_hal_uart.o(.text.HAL_UART_ErrorCallback)
    HAL_UART_IRQHandler                      0x08002109   Thumb Code   368  stm32f0xx_hal_uart.o(.text.HAL_UART_IRQHandler)
    HAL_UART_Init                            0x08002279   Thumb Code   106  stm32f0xx_hal_uart.o(.text.HAL_UART_Init)
    HAL_UART_MspInit                         0x080022e5   Thumb Code   120  stm32f0xx_hal_msp.o(.text.HAL_UART_MspInit)
    HAL_UART_Receive_IT                      0x0800235d   Thumb Code   192  stm32f0xx_hal_uart.o(.text.HAL_UART_Receive_IT)
    HAL_UART_RxCpltCallback                  0x0800241d   Thumb Code   144  main.o(.text.HAL_UART_RxCpltCallback)
    HAL_UART_Transmit                        0x080024ad   Thumb Code   252  stm32f0xx_hal_uart.o(.text.HAL_UART_Transmit)
    HAL_UART_TxCpltCallback                  0x080025a9   Thumb Code     2  stm32f0xx_hal_uart.o(.text.HAL_UART_TxCpltCallback)
    HardFault_Handler                        0x080025ab   Thumb Code     2  stm32f0xx_it.o(.text.HardFault_Handler)
    NMI_Handler                              0x08002959   Thumb Code     2  stm32f0xx_it.o(.text.NMI_Handler)
    PendSV_Handler                           0x0800295b   Thumb Code     2  stm32f0xx_it.o(.text.PendSV_Handler)
    RCC_CRS_IRQHandler                       0x0800295d   Thumb Code     2  stm32f0xx_it.o(.text.RCC_CRS_IRQHandler)
    SVC_Handler                              0x0800295f   Thumb Code     2  stm32f0xx_it.o(.text.SVC_Handler)
    SysTick_Handler                          0x08002989   Thumb Code     8  stm32f0xx_it.o(.text.SysTick_Handler)
    SystemClock_Config                       0x08002991   Thumb Code   130  main.o(.text.SystemClock_Config)
    SystemInit                               0x08002a13   Thumb Code     2  system_stm32f0xx.o(.text.SystemInit)
    TIM16_IRQHandler                         0x08002a15   Thumb Code    16  stm32f0xx_it.o(.text.TIM16_IRQHandler)
    TIM_Base_SetConfig                       0x08002a25   Thumb Code   192  stm32f0xx_hal_tim.o(.text.TIM_Base_SetConfig)
    UART_AdvFeatureConfig                    0x08002ae5   Thumb Code   210  stm32f0xx_hal_uart.o(.text.UART_AdvFeatureConfig)
    UART_CheckIdleState                      0x08002bb9   Thumb Code   104  stm32f0xx_hal_uart.o(.text.UART_CheckIdleState)
    UART_SetConfig                           0x08002d21   Thumb Code   468  stm32f0xx_hal_uart.o(.text.UART_SetConfig)
    UART_WaitOnFlagUntilTimeout              0x08002ef5   Thumb Code   174  stm32f0xx_hal_uart.o(.text.UART_WaitOnFlagUntilTimeout)
    USART2_IRQHandler                        0x08002fa5   Thumb Code    12  stm32f0xx_it.o(.text.USART2_IRQHandler)
    fputc                                    0x08003009   Thumb Code    32  main.o(.text.fputc)
    lcd_clear                                0x08003029   Thumb Code    22  main.o(.text.lcd_clear)
    lcd_init                                 0x0800303f   Thumb Code   124  main.o(.text.lcd_init)
    lcd_put_cur                              0x080030bb   Thumb Code    28  main.o(.text.lcd_put_cur)
    lcd_send_cmd                             0x080030d9   Thumb Code    52  main.o(.text.lcd_send_cmd)
    lcd_send_data                            0x0800310d   Thumb Code    56  main.o(.text.lcd_send_data)
    lcd_send_string                          0x08003145   Thumb Code    28  main.o(.text.lcd_send_string)
    main                                     0x08003161   Thumb Code  1076  main.o(.text.main)
    __0printf                                0x0800372d   Thumb Code    24  printfa.o(i.__0printf)
    __1printf                                0x0800372d   Thumb Code     0  printfa.o(i.__0printf)
    __2printf                                0x0800372d   Thumb Code     0  printfa.o(i.__0printf)
    __c89printf                              0x0800372d   Thumb Code     0  printfa.o(i.__0printf)
    printf                                   0x0800372d   Thumb Code     0  printfa.o(i.__0printf)
    __0sprintf                               0x0800374d   Thumb Code    36  printfa.o(i.__0sprintf)
    __1sprintf                               0x0800374d   Thumb Code     0  printfa.o(i.__0sprintf)
    __2sprintf                               0x0800374d   Thumb Code     0  printfa.o(i.__0sprintf)
    __c89sprintf                             0x0800374d   Thumb Code     0  printfa.o(i.__0sprintf)
    sprintf                                  0x0800374d   Thumb Code     0  printfa.o(i.__0sprintf)
    __ARM_clz                                0x08003775   Thumb Code    46  depilogue.o(i.__ARM_clz)
    __scatterload_copy                       0x080037a3   Thumb Code    14  handlers.o(i.__scatterload_copy)
    __scatterload_null                       0x080037b1   Thumb Code     2  handlers.o(i.__scatterload_null)
    __scatterload_zeroinit                   0x080037b3   Thumb Code    14  handlers.o(i.__scatterload_zeroinit)
    __ctype_categories                       0x08004076   Data          64  ctype_c.o(.constdata)
    AHBPrescTable                            0x080040b6   Data          16  system_stm32f0xx.o(.rodata.AHBPrescTable)
    APBPrescTable                            0x080040c6   Data           8  system_stm32f0xx.o(.rodata.APBPrescTable)
    Region$$Table$$Base                      0x080040f4   Number         0  anon$$obj.o(Region$$Table)
    Region$$Table$$Limit                     0x08004114   Number         0  anon$$obj.o(Region$$Table)
    __stdout                                 0x20000000   Data           4  stdout.o(.data)
    Arrow_L                                  0x20000004   Data           8  main.o(.data.Arrow_L)
    DAC_Max_Voltage_Out_value                0x2000000c   Data           4  main.o(.data.DAC_Max_Voltage_Out_value)
    Pulsen_Per_KWH                           0x20000010   Data           4  main.o(.data.Pulsen_Per_KWH)
    SystemCoreClock                          0x20000014   Data           4  system_stm32f0xx.o(.data.SystemCoreClock)
    Vives1                                   0x20000018   Data           8  main.o(.data.Vives1)
    Vives2                                   0x20000020   Data           8  main.o(.data.Vives2)
    Vives3                                   0x20000028   Data           8  main.o(.data.Vives3)
    Vives4                                   0x20000030   Data           8  main.o(.data.Vives4)
    Vives5                                   0x20000038   Data           8  main.o(.data.Vives5)
    Vives6                                   0x20000040   Data           8  main.o(.data.Vives6)
    uwTickFreq                               0x20000048   Data           1  stm32f0xx_hal.o(.data.uwTickFreq)
    uwTickPrio                               0x2000004c   Data           4  stm32f0xx_hal.o(.data.uwTickPrio)
    waarde_apparaat                          0x20000050   Data           4  main.o(.data.waarde_apparaat)
    Button                                   0x20000058   Data           1  main.o(.bss.Button)
    CurrentPulse                             0x2000005c   Data           4  main.o(.bss.CurrentPulse)
    DAC_Voltage_Out_value                    0x20000060   Data           4  main.o(.bss.DAC_Voltage_Out_value)
    Gemeten_KWh                              0x20000064   Data           4  main.o(.bss.Gemeten_KWh)
    LastPulse                                0x20000068   Data           4  main.o(.bss.LastPulse)
    Programma_start                          0x2000006c   Data           1  main.o(.bss.Programma_start)
    TijdTussenPulsen                         0x20000070   Data           4  main.o(.bss.TijdTussenPulsen)
    TurnDetected                             0x20000074   Data           1  main.o(.bss.TurnDetected)
    UART2_rxBuffer                           0x20000075   Data          16  main.o(.bss.UART2_rxBuffer)
    Up                                       0x20000085   Data           1  main.o(.bss.Up)
    arrowpos                                 0x20000086   Data           1  main.o(.bss.arrowpos)
    hdac                                     0x20000088   Data          20  main.o(.bss.hdac)
    hi2c1                                    0x2000009c   Data          76  main.o(.bss.hi2c1)
    htim16                                   0x200000e8   Data          64  main.o(.bss.htim16)
    huart2                                   0x20000128   Data         128  main.o(.bss.huart2)
    new_pulse                                0x200001a8   Data           1  main.o(.bss.new_pulse)
    received_consumer_value                  0x200001a9   Data           8  main.o(.bss.received_consumer_value)
    received_pulses_value                    0x200001b1   Data           8  main.o(.bss.received_pulses_value)
    screen                                   0x200001b9   Data           1  main.o(.bss.screen)
    send_percent                             0x200001bc   Data           4  main.o(.bss.send_percent)
    ticks                                    0x200001c0   Data           4  main.o(.bss.ticks)
    uwTick                                   0x200001c4   Data           4  stm32f0xx_hal.o(.bss.uwTick)
    __initial_sp                             0x200005c8   Data           0  startup_stm32f091xc.o(STACK)



==============================================================================

Memory Map of the image

  Image Entry point : 0x080000bd

  Load Region LR_IROM1 (Base: 0x08000000, Size: 0x00004170, Max: 0x00040000, ABSOLUTE)

    Execution Region ER_IROM1 (Exec base: 0x08000000, Load base: 0x08000000, Size: 0x00004114, Max: 0x00040000, ABSOLUTE)

    Exec Addr    Load Addr    Size         Type   Attr      Idx    E Section Name        Object

    0x08000000   0x08000000   0x000000bc   Data   RO         1384    RESET               startup_stm32f091xc.o
    0x080000bc   0x080000bc   0x00000000   Code   RO         1432  * .ARM.Collect$$$$00000000  mc_p.l(entry.o)
    0x080000bc   0x080000bc   0x00000004   Code   RO         1728    .ARM.Collect$$$$00000001  mc_p.l(entry2.o)
    0x080000c0   0x080000c0   0x00000004   Code   RO         1731    .ARM.Collect$$$$00000004  mc_p.l(entry5.o)
    0x080000c4   0x080000c4   0x00000000   Code   RO         1733    .ARM.Collect$$$$00000008  mc_p.l(entry7b.o)
    0x080000c4   0x080000c4   0x00000000   Code   RO         1735    .ARM.Collect$$$$0000000A  mc_p.l(entry8b.o)
    0x080000c4   0x080000c4   0x00000008   Code   RO         1736    .ARM.Collect$$$$0000000B  mc_p.l(entry9a.o)
    0x080000cc   0x080000cc   0x00000000   Code   RO         1738    .ARM.Collect$$$$0000000D  mc_p.l(entry10a.o)
    0x080000cc   0x080000cc   0x00000000   Code   RO         1740    .ARM.Collect$$$$0000000F  mc_p.l(entry11a.o)
    0x080000cc   0x080000cc   0x00000004   Code   RO         1729    .ARM.Collect$$$$00002712  mc_p.l(entry2.o)
    0x080000d0   0x080000d0   0x0000001c   Code   RO         1385    .text               startup_stm32f091xc.o
    0x080000ec   0x080000ec   0x00000022   Code   RO         1441    .text               mc_p.l(llushr.o)
    0x0800010e   0x0800010e   0x00000024   Code   RO         1443    .text               mc_p.l(memseta.o)
    0x08000132   0x08000132   0x00000002   PAD
    0x08000134   0x08000134   0x0000003c   Code   RO         1706    .text               mc_p.l(__0sscanf.o)
    0x08000170   0x08000170   0x0000014a   Code   RO         1708    .text               mc_p.l(_scanf_int.o)
    0x080002ba   0x080002ba   0x000000b2   Code   RO         1710    .text               mf_p.l(fadd.o)
    0x0800036c   0x0800036c   0x0000007a   Code   RO         1712    .text               mf_p.l(fmul.o)
    0x080003e6   0x080003e6   0x0000007c   Code   RO         1714    .text               mf_p.l(fdiv.o)
    0x08000462   0x08000462   0x0000001c   Code   RO         1716    .text               mf_p.l(fcmplt.o)
    0x0800047e   0x0800047e   0x0000001c   Code   RO         1718    .text               mf_p.l(fcmpgt.o)
    0x0800049a   0x0800049a   0x00000016   Code   RO         1720    .text               mf_p.l(fflti.o)
    0x080004b0   0x080004b0   0x0000000e   Code   RO         1722    .text               mf_p.l(ffltui.o)
    0x080004be   0x080004be   0x00000032   Code   RO         1724    .text               mf_p.l(ffixi.o)
    0x080004f0   0x080004f0   0x00000028   Code   RO         1726    .text               mf_p.l(f2d.o)
    0x08000518   0x08000518   0x0000003e   Code   RO         1747    .text               mc_p.l(uidiv_div0.o)
    0x08000556   0x08000556   0x00000060   Code   RO         1753    .text               mc_p.l(uldiv.o)
    0x080005b6   0x080005b6   0x0000001e   Code   RO         1755    .text               mc_p.l(_chval.o)
    0x080005d4   0x080005d4   0x0000002c   Code   RO         1757    .text               mc_p.l(scanf_char.o)
    0x08000600   0x08000600   0x00000044   Code   RO         1759    .text               mc_p.l(_sgetc.o)
    0x08000644   0x08000644   0x00000000   Code   RO         1761    .text               mc_p.l(iusefp.o)
    0x08000644   0x08000644   0x00000082   Code   RO         1762    .text               mf_p.l(fepilogue.o)
    0x080006c6   0x080006c6   0x00000002   PAD
    0x080006c8   0x080006c8   0x00000164   Code   RO         1764    .text               mf_p.l(dadd.o)
    0x0800082c   0x0800082c   0x000000d0   Code   RO         1766    .text               mf_p.l(dmul.o)
    0x080008fc   0x080008fc   0x000000f0   Code   RO         1768    .text               mf_p.l(ddiv.o)
    0x080009ec   0x080009ec   0x00000040   Code   RO         1770    .text               mf_p.l(dfixul.o)
    0x08000a2c   0x08000a2c   0x00000028   Code   RO         1772    .text               mf_p.l(cdrcmple.o)
    0x08000a54   0x08000a54   0x00000024   Code   RO         1774    .text               mc_p.l(init.o)
    0x08000a78   0x08000a78   0x00000020   Code   RO         1776    .text               mc_p.l(llshl.o)
    0x08000a98   0x08000a98   0x00000026   Code   RO         1778    .text               mc_p.l(llsshr.o)
    0x08000abe   0x08000abe   0x0000000e   Code   RO         1780    .text               mc_p.l(isspace_c.o)
    0x08000acc   0x08000acc   0x00000338   Code   RO         1782    .text               mc_p.l(_scanf.o)
    0x08000e04   0x08000e04   0x000000be   Code   RO         1784    .text               mf_p.l(depilogue.o)
    0x08000ec2   0x08000ec2   0x00000002   PAD
    0x08000ec4   0x08000ec4   0x00000024   Code   RO         1788    .text               mc_p.l(ctype_c.o)
    0x08000ee8   0x08000ee8   0x00000094   Code   RO           34    .text.Aansturen_DAC  main.o
    0x08000f7c   0x08000f7c   0x0000004c   Code   RO           32    .text.Berekenen_KWH_Waarden  main.o
    0x08000fc8   0x08000fc8   0x0000001e   Code   RO           14    .text.CreateCustomCharacter  main.o
    0x08000fe6   0x08000fe6   0x0000002a   Code   RO          114    .text.EXTI4_15_IRQHandler  stm32f0xx_it.o
    0x08001010   0x08001010   0x00000008   Code   RO           46    .text.Error_Handler  main.o
    0x08001018   0x08001018   0x00000038   Code   RO          285    .text.HAL_DAC_ConfigChannel  stm32f0xx_hal_dac_ex.o
    0x08001050   0x08001050   0x0000002a   Code   RO          241    .text.HAL_DAC_Init  stm32f0xx_hal_dac.o
    0x0800107a   0x0800107a   0x00000002   PAD
    0x0800107c   0x0800107c   0x00000060   Code   RO         1394    .text.HAL_DAC_MspInit  stm32f0xx_hal_msp.o
    0x080010dc   0x080010dc   0x0000002c   Code   RO          259    .text.HAL_DAC_SetValue  stm32f0xx_hal_dac.o
    0x08001108   0x08001108   0x0000004e   Code   RO          289    .text.HAL_DAC_Start  stm32f0xx_hal_dac_ex.o
    0x08001156   0x08001156   0x00000046   Code   RO          345    .text.HAL_DMA_Abort_IT  stm32f0xx_hal_dma.o
    0x0800119c   0x0800119c   0x00000024   Code   RO          147    .text.HAL_Delay     stm32f0xx_hal.o
    0x080011c0   0x080011c0   0x000000a0   Code   RO           52    .text.HAL_GPIO_EXTI_Callback  main.o
    0x08001260   0x08001260   0x00000018   Code   RO          482    .text.HAL_GPIO_EXTI_IRQHandler  stm32f0xx_hal_gpio.o
    0x08001278   0x08001278   0x0000017c   Code   RO          470    .text.HAL_GPIO_Init  stm32f0xx_hal_gpio.o
    0x080013f4   0x080013f4   0x0000000a   Code   RO          474    .text.HAL_GPIO_ReadPin  stm32f0xx_hal_gpio.o
    0x080013fe   0x080013fe   0x0000000c   Code   RO          478    .text.HAL_GPIO_TogglePin  stm32f0xx_hal_gpio.o
    0x0800140a   0x0800140a   0x00000010   Code   RO          476    .text.HAL_GPIO_WritePin  stm32f0xx_hal_gpio.o
    0x0800141a   0x0800141a   0x00000002   PAD
    0x0800141c   0x0800141c   0x00000008   Code   RO          139    .text.HAL_GetTick   stm32f0xx_hal.o
    0x08001424   0x08001424   0x00000044   Code   RO          658    .text.HAL_I2CEx_ConfigAnalogFilter  stm32f0xx_hal_i2c_ex.o
    0x08001468   0x08001468   0x00000044   Code   RO          660    .text.HAL_I2CEx_ConfigDigitalFilter  stm32f0xx_hal_i2c_ex.o
    0x080014ac   0x080014ac   0x000000a4   Code   RO          494    .text.HAL_I2C_Init  stm32f0xx_hal_i2c.o
    0x08001550   0x08001550   0x00000134   Code   RO          502    .text.HAL_I2C_Master_Transmit  stm32f0xx_hal_i2c.o
    0x08001684   0x08001684   0x00000068   Code   RO         1398    .text.HAL_I2C_MspInit  stm32f0xx_hal_msp.o
    0x080016ec   0x080016ec   0x00000014   Code   RO          137    .text.HAL_IncTick   stm32f0xx_hal.o
    0x08001700   0x08001700   0x0000001c   Code   RO          127    .text.HAL_Init      stm32f0xx_hal.o
    0x0800171c   0x0800171c   0x00000044   Code   RO          129    .text.HAL_InitTick  stm32f0xx_hal.o
    0x08001760   0x08001760   0x00000040   Code   RO         1392    .text.HAL_MspInit   stm32f0xx_hal_msp.o
    0x080017a0   0x080017a0   0x00000008   Code   RO          193    .text.HAL_NVIC_EnableIRQ  stm32f0xx_hal_cortex.o
    0x080017a8   0x080017a8   0x00000008   Code   RO          189    .text.HAL_NVIC_SetPriority  stm32f0xx_hal_cortex.o
    0x080017b0   0x080017b0   0x00000140   Code   RO          775    .text.HAL_RCCEx_PeriphCLKConfig  stm32f0xx_hal_rcc_ex.o
    0x080018f0   0x080018f0   0x00000120   Code   RO          745    .text.HAL_RCC_ClockConfig  stm32f0xx_hal_rcc.o
    0x08001a10   0x08001a10   0x0000000c   Code   RO          755    .text.HAL_RCC_GetHCLKFreq  stm32f0xx_hal_rcc.o
    0x08001a1c   0x08001a1c   0x0000001c   Code   RO          757    .text.HAL_RCC_GetPCLK1Freq  stm32f0xx_hal_rcc.o
    0x08001a38   0x08001a38   0x00000078   Code   RO          747    .text.HAL_RCC_GetSysClockFreq  stm32f0xx_hal_rcc.o
    0x08001ab0   0x08001ab0   0x00000460   Code   RO          743    .text.HAL_RCC_OscConfig  stm32f0xx_hal_rcc.o
    0x08001f10   0x08001f10   0x00000008   Code   RO          205    .text.HAL_SYSTICK_Config  stm32f0xx_hal_cortex.o
    0x08001f18   0x08001f18   0x00000002   Code   RO         1128    .text.HAL_TIMEx_BreakCallback  stm32f0xx_hal_tim_ex.o
    0x08001f1a   0x08001f1a   0x00000002   Code   RO         1124    .text.HAL_TIMEx_CommutCallback  stm32f0xx_hal_tim_ex.o
    0x08001f1c   0x08001f1c   0x00000034   Code   RO          814    .text.HAL_TIM_Base_Init  stm32f0xx_hal_tim.o
    0x08001f50   0x08001f50   0x00000044   Code   RO         1402    .text.HAL_TIM_Base_MspInit  stm32f0xx_hal_msp.o
    0x08001f94   0x08001f94   0x0000001e   Code   RO          828    .text.HAL_TIM_Base_Start_IT  stm32f0xx_hal_tim.o
    0x08001fb2   0x08001fb2   0x00000002   Code   RO          950    .text.HAL_TIM_IC_CaptureCallback  stm32f0xx_hal_tim.o
    0x08001fb4   0x08001fb4   0x00000148   Code   RO          948    .text.HAL_TIM_IRQHandler  stm32f0xx_hal_tim.o
    0x080020fc   0x080020fc   0x00000002   Code   RO          952    .text.HAL_TIM_OC_DelayElapsedCallback  stm32f0xx_hal_tim.o
    0x080020fe   0x080020fe   0x00000002   Code   RO          954    .text.HAL_TIM_PWM_PulseFinishedCallback  stm32f0xx_hal_tim.o
    0x08002100   0x08002100   0x00000002   Code   RO          956    .text.HAL_TIM_PeriodElapsedCallback  stm32f0xx_hal_tim.o
    0x08002102   0x08002102   0x00000002   Code   RO          958    .text.HAL_TIM_TriggerCallback  stm32f0xx_hal_tim.o
    0x08002104   0x08002104   0x00000002   Code   RO         1277    .text.HAL_UARTEx_WakeupCallback  stm32f0xx_hal_uart_ex.o
    0x08002106   0x08002106   0x00000002   Code   RO         1233    .text.HAL_UART_ErrorCallback  stm32f0xx_hal_uart.o
    0x08002108   0x08002108   0x00000170   Code   RO         1229    .text.HAL_UART_IRQHandler  stm32f0xx_hal_uart.o
    0x08002278   0x08002278   0x0000006a   Code   RO         1141    .text.HAL_UART_Init  stm32f0xx_hal_uart.o
    0x080022e2   0x080022e2   0x00000002   PAD
    0x080022e4   0x080022e4   0x00000078   Code   RO         1406    .text.HAL_UART_MspInit  stm32f0xx_hal_msp.o
    0x0800235c   0x0800235c   0x000000c0   Code   RO         1173    .text.HAL_UART_Receive_IT  stm32f0xx_hal_uart.o
    0x0800241c   0x0800241c   0x00000090   Code   RO           54    .text.HAL_UART_RxCpltCallback  main.o
    0x080024ac   0x080024ac   0x000000fc   Code   RO         1161    .text.HAL_UART_Transmit  stm32f0xx_hal_uart.o
    0x080025a8   0x080025a8   0x00000002   Code   RO         1237    .text.HAL_UART_TxCpltCallback  stm32f0xx_hal_uart.o
    0x080025aa   0x080025aa   0x00000002   Code   RO          104    .text.HardFault_Handler  stm32f0xx_it.o
    0x080025ac   0x080025ac   0x0000001c   Code   RO          634    .text.I2C_Flush_TXDR  stm32f0xx_hal_i2c.o
    0x080025c8   0x080025c8   0x00000078   Code   RO          648    .text.I2C_IsAcknowledgeFailed  stm32f0xx_hal_i2c.o
    0x08002640   0x08002640   0x0000002c   Code   RO          506    .text.I2C_TransferConfig  stm32f0xx_hal_i2c.o
    0x0800266c   0x0800266c   0x0000006e   Code   RO          504    .text.I2C_WaitOnFlagUntilTimeout  stm32f0xx_hal_i2c.o
    0x080026da   0x080026da   0x00000050   Code   RO          510    .text.I2C_WaitOnSTOPFlagUntilTimeout  stm32f0xx_hal_i2c.o
    0x0800272a   0x0800272a   0x00000064   Code   RO          508    .text.I2C_WaitOnTXISFlagUntilTimeout  stm32f0xx_hal_i2c.o
    0x0800278e   0x0800278e   0x00000002   PAD
    0x08002790   0x08002790   0x0000003c   Code   RO           28    .text.MX_DAC_Init   main.o
    0x080027cc   0x080027cc   0x000000d4   Code   RO           20    .text.MX_GPIO_Init  main.o
    0x080028a0   0x080028a0   0x00000050   Code   RO           24    .text.MX_I2C1_Init  main.o
    0x080028f0   0x080028f0   0x00000030   Code   RO           26    .text.MX_TIM16_Init  main.o
    0x08002920   0x08002920   0x00000038   Code   RO           22    .text.MX_USART2_UART_Init  main.o
    0x08002958   0x08002958   0x00000002   Code   RO          102    .text.NMI_Handler   stm32f0xx_it.o
    0x0800295a   0x0800295a   0x00000002   Code   RO          108    .text.PendSV_Handler  stm32f0xx_it.o
    0x0800295c   0x0800295c   0x00000002   Code   RO          112    .text.RCC_CRS_IRQHandler  stm32f0xx_it.o
    0x0800295e   0x0800295e   0x00000002   Code   RO          106    .text.SVC_Handler   stm32f0xx_it.o
    0x08002960   0x08002960   0x00000028   Code   RO          207    .text.SysTick_Config  stm32f0xx_hal_cortex.o
    0x08002988   0x08002988   0x00000008   Code   RO          110    .text.SysTick_Handler  stm32f0xx_it.o
    0x08002990   0x08002990   0x00000082   Code   RO           18    .text.SystemClock_Config  main.o
    0x08002a12   0x08002a12   0x00000002   Code   RO         1418    .text.SystemInit    system_stm32f0xx.o
    0x08002a14   0x08002a14   0x00000010   Code   RO          116    .text.TIM16_IRQHandler  stm32f0xx_it.o
    0x08002a24   0x08002a24   0x000000c0   Code   RO          818    .text.TIM_Base_SetConfig  stm32f0xx_hal_tim.o
    0x08002ae4   0x08002ae4   0x000000d2   Code   RO         1147    .text.UART_AdvFeatureConfig  stm32f0xx_hal_uart.o
    0x08002bb6   0x08002bb6   0x00000002   PAD
    0x08002bb8   0x08002bb8   0x00000068   Code   RO         1149    .text.UART_CheckIdleState  stm32f0xx_hal_uart.o
    0x08002c20   0x08002c20   0x00000016   Code   RO         1231    .text.UART_DMAAbortOnError  stm32f0xx_hal_uart.o
    0x08002c36   0x08002c36   0x0000001e   Code   RO         1201    .text.UART_EndRxTransfer  stm32f0xx_hal_uart.o
    0x08002c54   0x08002c54   0x0000001a   Code   RO         1235    .text.UART_EndTransmit_IT  stm32f0xx_hal_uart.o
    0x08002c6e   0x08002c6e   0x00000056   Code   RO         1175    .text.UART_RxISR_16BIT  stm32f0xx_hal_uart.o
    0x08002cc4   0x08002cc4   0x0000005a   Code   RO         1177    .text.UART_RxISR_8BIT  stm32f0xx_hal_uart.o
    0x08002d1e   0x08002d1e   0x00000002   PAD
    0x08002d20   0x08002d20   0x000001d4   Code   RO         1145    .text.UART_SetConfig  stm32f0xx_hal_uart.o
    0x08002ef4   0x08002ef4   0x000000ae   Code   RO         1163    .text.UART_WaitOnFlagUntilTimeout  stm32f0xx_hal_uart.o
    0x08002fa2   0x08002fa2   0x00000002   PAD
    0x08002fa4   0x08002fa4   0x0000000c   Code   RO          118    .text.USART2_IRQHandler  stm32f0xx_it.o
    0x08002fb0   0x08002fb0   0x00000018   Code   RO          195    .text.__NVIC_EnableIRQ  stm32f0xx_hal_cortex.o
    0x08002fc8   0x08002fc8   0x00000040   Code   RO          191    .text.__NVIC_SetPriority  stm32f0xx_hal_cortex.o
    0x08003008   0x08003008   0x00000020   Code   RO           48    .text.fputc         main.o
    0x08003028   0x08003028   0x00000016   Code   RO            6    .text.lcd_clear     main.o
    0x0800303e   0x0800303e   0x0000007c   Code   RO           10    .text.lcd_init      main.o
    0x080030ba   0x080030ba   0x0000001c   Code   RO            8    .text.lcd_put_cur   main.o
    0x080030d6   0x080030d6   0x00000002   PAD
    0x080030d8   0x080030d8   0x00000034   Code   RO            2    .text.lcd_send_cmd  main.o
    0x0800310c   0x0800310c   0x00000038   Code   RO            4    .text.lcd_send_data  main.o
    0x08003144   0x08003144   0x0000001c   Code   RO           12    .text.lcd_send_string  main.o
    0x08003160   0x08003160   0x00000434   Code   RO           16    .text.main          main.o
    0x08003594   0x08003594   0x00000044   Code   RO           30    .text.screen0       main.o
    0x080035d8   0x080035d8   0x00000060   Code   RO           38    .text.screen1       main.o
    0x08003638   0x08003638   0x00000038   Code   RO           36    .text.screen2       main.o
    0x08003670   0x08003670   0x0000004c   Code   RO           40    .text.screen3       main.o
    0x080036bc   0x080036bc   0x00000050   Code   RO           42    .text.screen4       main.o
    0x0800370c   0x0800370c   0x00000020   Code   RO           44    .text.screen5       main.o
    0x0800372c   0x0800372c   0x00000020   Code   RO         1678    i.__0printf         mc_p.l(printfa.o)
    0x0800374c   0x0800374c   0x00000028   Code   RO         1680    i.__0sprintf        mc_p.l(printfa.o)
    0x08003774   0x08003774   0x0000002e   Code   RO         1786    i.__ARM_clz         mf_p.l(depilogue.o)
    0x080037a2   0x080037a2   0x0000000e   Code   RO         1793    i.__scatterload_copy  mc_p.l(handlers.o)
    0x080037b0   0x080037b0   0x00000002   Code   RO         1794    i.__scatterload_null  mc_p.l(handlers.o)
    0x080037b2   0x080037b2   0x0000000e   Code   RO         1795    i.__scatterload_zeroinit  mc_p.l(handlers.o)
    0x080037c0   0x080037c0   0x00000174   Code   RO         1685    i._fp_digits        mc_p.l(printfa.o)
    0x08003934   0x08003934   0x000006ec   Code   RO         1686    i._printf_core      mc_p.l(printfa.o)
    0x08004020   0x08004020   0x00000020   Code   RO         1687    i._printf_post_padding  mc_p.l(printfa.o)
    0x08004040   0x08004040   0x0000002c   Code   RO         1688    i._printf_pre_padding  mc_p.l(printfa.o)
    0x0800406c   0x0800406c   0x0000000a   Code   RO         1690    i._sputc            mc_p.l(printfa.o)
    0x08004076   0x08004076   0x00000040   Data   RO         1789    .constdata          mc_p.l(ctype_c.o)
    0x080040b6   0x080040b6   0x00000010   Data   RO         1423    .rodata.AHBPrescTable  system_stm32f0xx.o
    0x080040c6   0x080040c6   0x00000008   Data   RO         1424    .rodata.APBPrescTable  system_stm32f0xx.o
    0x080040ce   0x080040ce   0x00000025   Data   RO           88    .rodata.str1.1      main.o
    0x080040f3   0x080040f3   0x00000001   PAD
    0x080040f4   0x080040f4   0x00000020   Data   RO         1792    Region$$Table       anon$$obj.o


    Execution Region RW_IRAM1 (Exec base: 0x20000000, Load base: 0x08004118, Size: 0x000005c8, Max: 0x00008000, ABSOLUTE)

    Exec Addr    Load Addr    Size         Type   Attr      Idx    E Section Name        Object

    0x20000000   0x08004118   0x00000004   Data   RW         1742    .data               mc_p.l(stdout.o)
    0x20000004   0x0800411c   0x00000008   Data   RW           77    .data.Arrow_L       main.o
    0x2000000c   0x08004124   0x00000004   Data   RW           65    .data.DAC_Max_Voltage_Out_value  main.o
    0x20000010   0x08004128   0x00000004   Data   RW           68    .data.Pulsen_Per_KWH  main.o
    0x20000014   0x0800412c   0x00000004   Data   RW         1422    .data.SystemCoreClock  system_stm32f0xx.o
    0x20000018   0x08004130   0x00000008   Data   RW           78    .data.Vives1        main.o
    0x20000020   0x08004138   0x00000008   Data   RW           79    .data.Vives2        main.o
    0x20000028   0x08004140   0x00000008   Data   RW           80    .data.Vives3        main.o
    0x20000030   0x08004148   0x00000008   Data   RW           81    .data.Vives4        main.o
    0x20000038   0x08004150   0x00000008   Data   RW           82    .data.Vives5        main.o
    0x20000040   0x08004158   0x00000008   Data   RW           83    .data.Vives6        main.o
    0x20000048   0x08004160   0x00000001   Data   RW          174    .data.uwTickFreq    stm32f0xx_hal.o
    0x20000049   0x08004161   0x00000003   PAD
    0x2000004c   0x08004164   0x00000004   Data   RW          173    .data.uwTickPrio    stm32f0xx_hal.o
    0x20000050   0x08004168   0x00000004   Data   RW           66    .data.waarde_apparaat  main.o
    0x20000054   0x0800416c   0x00000004   PAD
    0x20000058        -       0x00000001   Zero   RW           76    .bss.Button         main.o
    0x20000059   0x0800416c   0x00000003   PAD
    0x2000005c        -       0x00000004   Zero   RW           63    .bss.CurrentPulse   main.o
    0x20000060        -       0x00000004   Zero   RW           92    .bss.DAC_Voltage_Out_value  main.o
    0x20000064        -       0x00000004   Zero   RW           67    .bss.Gemeten_KWh    main.o
    0x20000068        -       0x00000004   Zero   RW           61    .bss.LastPulse      main.o
    0x2000006c        -       0x00000001   Zero   RW           73    .bss.Programma_start  main.o
    0x2000006d   0x0800416c   0x00000003   PAD
    0x20000070        -       0x00000004   Zero   RW           62    .bss.TijdTussenPulsen  main.o
    0x20000074        -       0x00000001   Zero   RW           74    .bss.TurnDetected   main.o
    0x20000075        -       0x00000010   Zero   RW           57    .bss.UART2_rxBuffer  main.o
    0x20000085        -       0x00000001   Zero   RW           75    .bss.Up             main.o
    0x20000086        -       0x00000001   Zero   RW           70    .bss.arrowpos       main.o
    0x20000087   0x0800416c   0x00000001   PAD
    0x20000088        -       0x00000014   Zero   RW           85    .bss.hdac           main.o
    0x2000009c        -       0x0000004c   Zero   RW           56    .bss.hi2c1          main.o
    0x200000e8        -       0x00000040   Zero   RW           84    .bss.htim16         main.o
    0x20000128        -       0x00000080   Zero   RW           86    .bss.huart2         main.o
    0x200001a8        -       0x00000001   Zero   RW           64    .bss.new_pulse      main.o
    0x200001a9        -       0x00000008   Zero   RW           58    .bss.received_consumer_value  main.o
    0x200001b1        -       0x00000008   Zero   RW           59    .bss.received_pulses_value  main.o
    0x200001b9        -       0x00000001   Zero   RW           69    .bss.screen         main.o
    0x200001ba   0x0800416c   0x00000002   PAD
    0x200001bc        -       0x00000004   Zero   RW           87    .bss.send_percent   main.o
    0x200001c0        -       0x00000004   Zero   RW           60    .bss.ticks          main.o
    0x200001c4        -       0x00000004   Zero   RW          175    .bss.uwTick         stm32f0xx_hal.o
    0x200001c8        -       0x00000400   Zero   RW         1382    STACK               startup_stm32f091xc.o


==============================================================================

Image component sizes


      Code (inc. data)   RO Data    RW Data    ZI Data      Debug   Object Name

      2978        436         37         68        355      16477   main.o
        28          8        188          0       1024        804   startup_stm32f091xc.o
       160         16          0          5          4       5738   stm32f0xx_hal.o
       152         16          0          0          0       6106   stm32f0xx_hal_cortex.o
        86          0          0          0          0       6075   stm32f0xx_hal_dac.o
       134          4          0          0          0       8386   stm32f0xx_hal_dac_ex.o
        70          0          0          0          0       7918   stm32f0xx_hal_dma.o
       442         24          0          0          0       5116   stm32f0xx_hal_gpio.o
       954         28          0          0          0      39425   stm32f0xx_hal_i2c.o
       136          0          0          0          0       5646   stm32f0xx_hal_i2c_ex.o
       452         40          0          0          0      10265   stm32f0xx_hal_msp.o
      1568         76          0          0          0       7687   stm32f0xx_hal_rcc.o
       320         12          0          0          0       6193   stm32f0xx_hal_rcc_ex.o
       612         36          0          0          0      41429   stm32f0xx_hal_tim.o
         4          0          0          0          0      15717   stm32f0xx_hal_tim_ex.o
      2132        146          0          0          0      23168   stm32f0xx_hal_uart.o
         2          0          0          0          0       5862   stm32f0xx_hal_uart_ex.o
        88          4          0          0          0       1272   stm32f0xx_it.o
         2          0         24          4          0       1906   system_stm32f0xx.o

    ----------------------------------------------------------------------
     10336        846        282         80       1396     215190   Object Totals
         0          0         32          0          0          0   (incl. Generated)
        16          0          1          3         13          0   (incl. Padding)

    ----------------------------------------------------------------------

      Code (inc. data)   RO Data    RW Data    ZI Data      Debug   Library Member Name

        60         10          0          0          0         84   __0sscanf.o
        30          0          0          0          0         60   _chval.o
       824         12          0          0          0         84   _scanf.o
       330          0          0          0          0         84   _scanf_int.o
        68          0          0          0          0         76   _sgetc.o
        36          4         64          0          0         60   ctype_c.o
         0          0          0          0          0          0   entry.o
         0          0          0          0          0          0   entry10a.o
         0          0          0          0          0          0   entry11a.o
         8          4          0          0          0          0   entry2.o
         4          0          0          0          0          0   entry5.o
         0          0          0          0          0          0   entry7b.o
         0          0          0          0          0          0   entry8b.o
         8          4          0          0          0          0   entry9a.o
        30          0          0          0          0          0   handlers.o
        36          8          0          0          0         68   init.o
        14          0          0          0          0         68   isspace_c.o
         0          0          0          0          0          0   iusefp.o
        32          0          0          0          0         68   llshl.o
        38          0          0          0          0         68   llsshr.o
        34          0          0          0          0         68   llushr.o
        36          0          0          0          0        100   memseta.o
      2302        102          0          0          0        556   printfa.o
        44          8          0          0          0         84   scanf_char.o
         0          0          0          4          0          0   stdout.o
        62          0          0          0          0         72   uidiv_div0.o
        96          0          0          0          0         84   uldiv.o
        40          2          0          0          0         68   cdrcmple.o
       356          4          0          0          0        140   dadd.o
       240          6          0          0          0         84   ddiv.o
       236          0          0          0          0        216   depilogue.o
        64         10          0          0          0         68   dfixul.o
       208          6          0          0          0         88   dmul.o
        40          0          0          0          0         60   f2d.o
       178          0          0          0          0        108   fadd.o
        28          0          0          0          0         60   fcmpgt.o
        28          0          0          0          0         60   fcmplt.o
       124          0          0          0          0         72   fdiv.o
       130          0          0          0          0        144   fepilogue.o
        50          0          0          0          0         60   ffixi.o
        22          0          0          0          0         68   fflti.o
        14          0          0          0          0         68   ffltui.o
       122          0          0          0          0         72   fmul.o

    ----------------------------------------------------------------------
      5978        180         64          4          0       3120   Library Totals
         6          0          0          0          0          0   (incl. Padding)

    ----------------------------------------------------------------------

      Code (inc. data)   RO Data    RW Data    ZI Data      Debug   Library Name

      4092        152         64          4          0       1684   mc_p.l
      1880         28          0          0          0       1436   mf_p.l

    ----------------------------------------------------------------------
      5978        180         64          4          0       3120   Library Totals

    ----------------------------------------------------------------------

==============================================================================


      Code (inc. data)   RO Data    RW Data    ZI Data      Debug   

     16314       1026        346         84       1396     216598   Grand Totals
     16314       1026        346         84       1396     216598   ELF Image Totals
     16314       1026        346         84          0          0   ROM Totals

==============================================================================

    Total RO  Size (Code + RO Data)                16660 (  16.27kB)
    Total RW  Size (RW Data + ZI Data)              1480 (   1.45kB)
    Total ROM Size (Code + RO Data + RW Data)      16744 (  16.35kB)

==============================================================================

